Archive member included to satisfy reference by file (symbol)

/opt/st/stm32cubeide_1.4.0/plugins/com.st.stm32cube.ide.mcu.externaltools.gnu-tools-for-stm32.7-2018-q2-update.linux64_1.4.0.202007081208/tools/bin/../lib/gcc/arm-none-eabi/7.3.1/../../../../arm-none-eabi/lib/thumb/v6-m/libc_nano.a(lib_a-errno.o)
                              Application/User/Core/syscalls.o (__errno)
/opt/st/stm32cubeide_1.4.0/plugins/com.st.stm32cube.ide.mcu.externaltools.gnu-tools-for-stm32.7-2018-q2-update.linux64_1.4.0.202007081208/tools/bin/../lib/gcc/arm-none-eabi/7.3.1/../../../../arm-none-eabi/lib/thumb/v6-m/libc_nano.a(lib_a-exit.o)
                              /opt/st/stm32cubeide_1.4.0/plugins/com.st.stm32cube.ide.mcu.externaltools.gnu-tools-for-stm32.7-2018-q2-update.linux64_1.4.0.202007081208/tools/bin/../lib/gcc/arm-none-eabi/7.3.1/../../../../arm-none-eabi/lib/thumb/v6-m/crt0.o (exit)
/opt/st/stm32cubeide_1.4.0/plugins/com.st.stm32cube.ide.mcu.externaltools.gnu-tools-for-stm32.7-2018-q2-update.linux64_1.4.0.202007081208/tools/bin/../lib/gcc/arm-none-eabi/7.3.1/../../../../arm-none-eabi/lib/thumb/v6-m/libc_nano.a(lib_a-impure.o)
                              /opt/st/stm32cubeide_1.4.0/plugins/com.st.stm32cube.ide.mcu.externaltools.gnu-tools-for-stm32.7-2018-q2-update.linux64_1.4.0.202007081208/tools/bin/../lib/gcc/arm-none-eabi/7.3.1/../../../../arm-none-eabi/lib/thumb/v6-m/libc_nano.a(lib_a-exit.o) (_global_impure_ptr)
/opt/st/stm32cubeide_1.4.0/plugins/com.st.stm32cube.ide.mcu.externaltools.gnu-tools-for-stm32.7-2018-q2-update.linux64_1.4.0.202007081208/tools/bin/../lib/gcc/arm-none-eabi/7.3.1/../../../../arm-none-eabi/lib/thumb/v6-m/libc_nano.a(lib_a-init.o)
                              /opt/st/stm32cubeide_1.4.0/plugins/com.st.stm32cube.ide.mcu.externaltools.gnu-tools-for-stm32.7-2018-q2-update.linux64_1.4.0.202007081208/tools/bin/../lib/gcc/arm-none-eabi/7.3.1/../../../../arm-none-eabi/lib/thumb/v6-m/crt0.o (__libc_init_array)
/opt/st/stm32cubeide_1.4.0/plugins/com.st.stm32cube.ide.mcu.externaltools.gnu-tools-for-stm32.7-2018-q2-update.linux64_1.4.0.202007081208/tools/bin/../lib/gcc/arm-none-eabi/7.3.1/../../../../arm-none-eabi/lib/thumb/v6-m/libc_nano.a(lib_a-memset.o)
                              /opt/st/stm32cubeide_1.4.0/plugins/com.st.stm32cube.ide.mcu.externaltools.gnu-tools-for-stm32.7-2018-q2-update.linux64_1.4.0.202007081208/tools/bin/../lib/gcc/arm-none-eabi/7.3.1/../../../../arm-none-eabi/lib/thumb/v6-m/crt0.o (memset)
/opt/st/stm32cubeide_1.4.0/plugins/com.st.stm32cube.ide.mcu.externaltools.gnu-tools-for-stm32.7-2018-q2-update.linux64_1.4.0.202007081208/tools/bin/../lib/gcc/arm-none-eabi/7.3.1/thumb/v6-m/libgcc.a(_udivsi3.o)
                              Drivers/CMSIS/system_stm32l0xx.o (__aeabi_uidiv)
/opt/st/stm32cubeide_1.4.0/plugins/com.st.stm32cube.ide.mcu.externaltools.gnu-tools-for-stm32.7-2018-q2-update.linux64_1.4.0.202007081208/tools/bin/../lib/gcc/arm-none-eabi/7.3.1/thumb/v6-m/libgcc.a(_dvmd_tls.o)
                              /opt/st/stm32cubeide_1.4.0/plugins/com.st.stm32cube.ide.mcu.externaltools.gnu-tools-for-stm32.7-2018-q2-update.linux64_1.4.0.202007081208/tools/bin/../lib/gcc/arm-none-eabi/7.3.1/thumb/v6-m/libgcc.a(_udivsi3.o) (__aeabi_idiv0)

Discarded input sections

 .text          0x0000000000000000        0x0 /opt/st/stm32cubeide_1.4.0/plugins/com.st.stm32cube.ide.mcu.externaltools.gnu-tools-for-stm32.7-2018-q2-update.linux64_1.4.0.202007081208/tools/bin/../lib/gcc/arm-none-eabi/7.3.1/thumb/v6-m/crti.o
 .data          0x0000000000000000        0x0 /opt/st/stm32cubeide_1.4.0/plugins/com.st.stm32cube.ide.mcu.externaltools.gnu-tools-for-stm32.7-2018-q2-update.linux64_1.4.0.202007081208/tools/bin/../lib/gcc/arm-none-eabi/7.3.1/thumb/v6-m/crti.o
 .bss           0x0000000000000000        0x0 /opt/st/stm32cubeide_1.4.0/plugins/com.st.stm32cube.ide.mcu.externaltools.gnu-tools-for-stm32.7-2018-q2-update.linux64_1.4.0.202007081208/tools/bin/../lib/gcc/arm-none-eabi/7.3.1/thumb/v6-m/crti.o
 .data          0x0000000000000000        0x4 /opt/st/stm32cubeide_1.4.0/plugins/com.st.stm32cube.ide.mcu.externaltools.gnu-tools-for-stm32.7-2018-q2-update.linux64_1.4.0.202007081208/tools/bin/../lib/gcc/arm-none-eabi/7.3.1/thumb/v6-m/crtbegin.o
 .text          0x0000000000000000       0x78 /opt/st/stm32cubeide_1.4.0/plugins/com.st.stm32cube.ide.mcu.externaltools.gnu-tools-for-stm32.7-2018-q2-update.linux64_1.4.0.202007081208/tools/bin/../lib/gcc/arm-none-eabi/7.3.1/../../../../arm-none-eabi/lib/thumb/v6-m/crt0.o
 .data          0x0000000000000000        0x0 /opt/st/stm32cubeide_1.4.0/plugins/com.st.stm32cube.ide.mcu.externaltools.gnu-tools-for-stm32.7-2018-q2-update.linux64_1.4.0.202007081208/tools/bin/../lib/gcc/arm-none-eabi/7.3.1/../../../../arm-none-eabi/lib/thumb/v6-m/crt0.o
[...]
Memory Configuration

Name             Origin             Length             Attributes
RAM              0x0000000020000000 0x0000000000002000 xrw
FLASH            0x0000000008000000 0x0000000000008000 xr
*default*        0x0000000000000000 0xffffffffffffffff

Linker script and memory map

LOAD /opt/st/stm32cubeide_1.4.0/plugins/com.st.stm32cube.ide.mcu.externaltools.gnu-tools-for-stm32.7-2018-q2-update.linux64_1.4.0.202007081208/tools/bin/../lib/gcc/arm-none-eabi/7.3.1/thumb/v6-m/crti.o
LOAD /opt/st/stm32cubeide_1.4.0/plugins/com.st.stm32cube.ide.mcu.externaltools.gnu-tools-for-stm32.7-2018-q2-update.linux64_1.4.0.202007081208/tools/bin/../lib/gcc/arm-none-eabi/7.3.1/thumb/v6-m/crtbegin.o
LOAD /opt/st/stm32cubeide_1.4.0/plugins/com.st.stm32cube.ide.mcu.externaltools.gnu-tools-for-stm32.7-2018-q2-update.linux64_1.4.0.202007081208/tools/bin/../lib/gcc/arm-none-eabi/7.3.1/../../../../arm-none-eabi/lib/thumb/v6-m/crt0.o
LOAD Application/User/Core/main.o
LOAD Application/User/Core/stm32l0xx_it.o
LOAD Application/User/Core/syscalls.o
LOAD Application/User/Core/sysmem.o
LOAD Application/User/Startup/startup_stm32l031k6tx.o
LOAD Drivers/CMSIS/system_stm32l0xx.o
LOAD Drivers/STM32L0xx_HAL_Driver/stm32l0xx_ll_dma.o
LOAD Drivers/STM32L0xx_HAL_Driver/stm32l0xx_ll_exti.o
LOAD Drivers/STM32L0xx_HAL_Driver/stm32l0xx_ll_gpio.o
LOAD Drivers/STM32L0xx_HAL_Driver/stm32l0xx_ll_pwr.o
LOAD Drivers/STM32L0xx_HAL_Driver/stm32l0xx_ll_rcc.o
LOAD Drivers/STM32L0xx_HAL_Driver/stm32l0xx_ll_usart.o
LOAD Drivers/STM32L0xx_HAL_Driver/stm32l0xx_ll_utils.o
START GROUP
LOAD /opt/st/stm32cubeide_1.4.0/plugins/com.st.stm32cube.ide.mcu.externaltools.gnu-tools-for-stm32.7-2018-q2-update.linux64_1.4.0.202007081208/tools/bin/../lib/gcc/arm-none-eabi/7.3.1/../../../../arm-none-eabi/lib/thumb/v6-m/libc_nano.a
LOAD /opt/st/stm32cubeide_1.4.0/plugins/com.st.stm32cube.ide.mcu.externaltools.gnu-tools-for-stm32.7-2018-q2-update.linux64_1.4.0.202007081208/tools/bin/../lib/gcc/arm-none-eabi/7.3.1/../../../../arm-none-eabi/lib/thumb/v6-m/libm.a
END GROUP
START GROUP
LOAD /opt/st/stm32cubeide_1.4.0/plugins/com.st.stm32cube.ide.mcu.externaltools.gnu-tools-for-stm32.7-2018-q2-update.linux64_1.4.0.202007081208/tools/bin/../lib/gcc/arm-none-eabi/7.3.1/thumb/v6-m/libgcc.a
LOAD /opt/st/stm32cubeide_1.4.0/plugins/com.st.stm32cube.ide.mcu.externaltools.gnu-tools-for-stm32.7-2018-q2-update.linux64_1.4.0.202007081208/tools/bin/../lib/gcc/arm-none-eabi/7.3.1/../../../../arm-none-eabi/lib/thumb/v6-m/libc_nano.a
END GROUP
START GROUP
LOAD /opt/st/stm32cubeide_1.4.0/plugins/com.st.stm32cube.ide.mcu.externaltools.gnu-tools-for-stm32.7-2018-q2-update.linux64_1.4.0.202007081208/tools/bin/../lib/gcc/arm-none-eabi/7.3.1/thumb/v6-m/libgcc.a
LOAD /opt/st/stm32cubeide_1.4.0/plugins/com.st.stm32cube.ide.mcu.externaltools.gnu-tools-for-stm32.7-2018-q2-update.linux64_1.4.0.202007081208/tools/bin/../lib/gcc/arm-none-eabi/7.3.1/../../../../arm-none-eabi/lib/thumb/v6-m/libc_nano.a
LOAD /opt/st/stm32cubeide_1.4.0/plugins/com.st.stm32cube.ide.mcu.externaltools.gnu-tools-for-stm32.7-2018-q2-update.linux64_1.4.0.202007081208/tools/bin/../lib/gcc/arm-none-eabi/7.3.1/../../../../arm-none-eabi/lib/thumb/v6-m/libnosys.a
END GROUP
START GROUP
LOAD /opt/st/stm32cubeide_1.4.0/plugins/com.st.stm32cube.ide.mcu.externaltools.gnu-tools-for-stm32.7-2018-q2-update.linux64_1.4.0.202007081208/tools/bin/../lib/gcc/arm-none-eabi/7.3.1/thumb/v6-m/libgcc.a
LOAD /opt/st/stm32cubeide_1.4.0/plugins/com.st.stm32cube.ide.mcu.externaltools.gnu-tools-for-stm32.7-2018-q2-update.linux64_1.4.0.202007081208/tools/bin/../lib/gcc/arm-none-eabi/7.3.1/../../../../arm-none-eabi/lib/thumb/v6-m/libc_nano.a
LOAD /opt/st/stm32cubeide_1.4.0/plugins/com.st.stm32cube.ide.mcu.externaltools.gnu-tools-for-stm32.7-2018-q2-update.linux64_1.4.0.202007081208/tools/bin/../lib/gcc/arm-none-eabi/7.3.1/../../../../arm-none-eabi/lib/thumb/v6-m/libnosys.a
END GROUP
LOAD /opt/st/stm32cubeide_1.4.0/plugins/com.st.stm32cube.ide.mcu.externaltools.gnu-tools-for-stm32.7-2018-q2-update.linux64_1.4.0.202007081208/tools/bin/../lib/gcc/arm-none-eabi/7.3.1/thumb/v6-m/crtend.o
LOAD /opt/st/stm32cubeide_1.4.0/plugins/com.st.stm32cube.ide.mcu.externaltools.gnu-tools-for-stm32.7-2018-q2-update.linux64_1.4.0.202007081208/tools/bin/../lib/gcc/arm-none-eabi/7.3.1/thumb/v6-m/crtn.o
                0x0000000020002000                _estack = (ORIGIN (RAM) + LENGTH (RAM))
                0x0000000000000200                _Min_Heap_Size = 0x200
                0x0000000000000400                _Min_Stack_Size = 0x400

.isr_vector     0x0000000008000000       0xc0
                0x0000000008000000                . = ALIGN (0x4)
 *(.isr_vector)
 .isr_vector    0x0000000008000000       0xc0 Application/User/Startup/startup_stm32l031k6tx.o
                0x0000000008000000                g_pfnVectors
                0x00000000080000c0                . = ALIGN (0x4)

.text           0x00000000080000c0     0x12c0
                0x00000000080000c0                . = ALIGN (0x4)
 *(.text)
 .text          0x00000000080000c0       0x48 /opt/st/stm32cubeide_1.4.0/plugins/com.st.stm32cube.ide.mcu.externaltools.gnu-tools-for-stm32.7-2018-q2-update.linux64_1.4.0.202007081208/tools/bin/../lib/gcc/arm-none-eabi/7.3.1/thumb/v6-m/crtbegin.o
 .text          0x0000000008000108      0x114 /opt/st/stm32cubeide_1.4.0/plugins/com.st.stm32cube.ide.mcu.externaltools.gnu-tools-for-stm32.7-2018-q2-update.linux64_1.4.0.202007081208/tools/bin/../lib/gcc/arm-none-eabi/7.3.1/thumb/v6-m/libgcc.a(_udivsi3.o)
                0x0000000008000108                __udivsi3
                0x0000000008000108                __aeabi_uidiv
                0x0000000008000214                __aeabi_uidivmod
 .text          0x000000000800021c        0x4 /opt/st/stm32cubeide_1.4.0/plugins/com.st.stm32cube.ide.mcu.externaltools.gnu-tools-for-stm32.7-2018-q2-update.linux64_1.4.0.202007081208/tools/bin/../lib/gcc/arm-none-eabi/7.3.1/thumb/v6-m/libgcc.a(_dvmd_tls.o)
                0x000000000800021c                __aeabi_ldiv0
                0x000000000800021c                __aeabi_idiv0
 *(.text*)
 .text.LL_RCC_HSI_Enable
                0x0000000008000220       0x1c Application/User/Core/main.o
 .text.LL_RCC_HSI_IsReady
                0x000000000800023c       0x20 Application/User/Core/main.o
 .text.LL_RCC_HSI_SetCalibTrimming
                0x000000000800025c       0x2c Application/User/Core/main.o
 .text.LL_RCC_SetSysClkSource
                0x0000000008000288       0x28 Application/User/Core/main.o
 .text.LL_RCC_GetSysClkSource
                0x00000000080002b0       0x18 Application/User/Core/main.o
 .text.LL_RCC_SetAHBPrescaler
                0x00000000080002c8       0x28 Application/User/Core/main.o
 .text.LL_RCC_SetAPB1Prescaler
                0x00000000080002f0       0x2c Application/User/Core/main.o
 .text.LL_RCC_SetAPB2Prescaler
                0x000000000800031c       0x2c Application/User/Core/main.o
 .text.LL_RCC_SetUSARTClockSource
                0x0000000008000348       0x30 Application/User/Core/main.o
 .text.LL_RCC_PLL_Enable
                0x0000000008000378       0x1c Application/User/Core/main.o
 .text.LL_RCC_PLL_IsReady
                0x0000000008000394       0x28 Application/User/Core/main.o
 .text.LL_RCC_PLL_ConfigDomain_SYS
                0x00000000080003bc       0x38 Application/User/Core/main.o
 .text.LL_APB1_GRP1_EnableClock
                0x00000000080003f4       0x2c Application/User/Core/main.o
 .text.LL_APB2_GRP1_EnableClock
                0x0000000008000420       0x2c Application/User/Core/main.o
 .text.LL_IOP_GRP1_EnableClock
                0x000000000800044c       0x2c Application/User/Core/main.o
 .text.LL_FLASH_SetLatency
                0x0000000008000478       0x28 Application/User/Core/main.o
 .text.LL_FLASH_GetLatency
                0x00000000080004a0       0x18 Application/User/Core/main.o
 .text.LL_PWR_SetRegulVoltageScaling
                0x00000000080004b8       0x2c Application/User/Core/main.o
 .text.LL_USART_Enable
                0x00000000080004e4       0x1c Application/User/Core/main.o
 .text.LL_USART_ConfigAsyncMode
                0x0000000008000500       0x30 Application/User/Core/main.o
 .text.LL_GPIO_SetOutputPin
                0x0000000008000530       0x18 Application/User/Core/main.o
 .text.LL_GPIO_ResetOutputPin
                0x0000000008000548       0x18 Application/User/Core/main.o
 .text.LL_GPIO_TogglePin
                0x0000000008000560       0x2e Application/User/Core/main.o
 *fill*         0x000000000800058e        0x2 
 .text.main     0x0000000008000590       0xd8 Application/User/Core/main.o
                0x0000000008000590                main
 .text.SystemClock_Config
                0x0000000008000668       0xa0 Application/User/Core/main.o
                0x0000000008000668                SystemClock_Config
 .text.MX_USART2_UART_Init
                0x0000000008000708       0xf0 Application/User/Core/main.o
 .text.MX_GPIO_Init
                0x00000000080007f8      0x2e0 Application/User/Core/main.o
 .text.NMI_Handler
                0x0000000008000ad8        0x6 Application/User/Core/stm32l0xx_it.o
                0x0000000008000ad8                NMI_Handler
 .text.HardFault_Handler
                0x0000000008000ade        0x6 Application/User/Core/stm32l0xx_it.o
                0x0000000008000ade                HardFault_Handler
 .text.SVC_Handler
                0x0000000008000ae4        0xa Application/User/Core/stm32l0xx_it.o
                0x0000000008000ae4                SVC_Handler
 .text.PendSV_Handler
                0x0000000008000aee        0xa Application/User/Core/stm32l0xx_it.o
                0x0000000008000aee                PendSV_Handler
 .text.SysTick_Handler
                0x0000000008000af8        0xa Application/User/Core/stm32l0xx_it.o
                0x0000000008000af8                SysTick_Handler
 *fill*         0x0000000008000b02        0x2 
 .text.Reset_Handler
                0x0000000008000b04       0x50 Application/User/Startup/startup_stm32l031k6tx.o
                0x0000000008000b04                Reset_Handler
 .text.Default_Handler
                0x0000000008000b54        0x2 Application/User/Startup/startup_stm32l031k6tx.o
                0x0000000008000b54                ADC1_COMP_IRQHandler
                0x0000000008000b54                PVD_IRQHandler
                0x0000000008000b54                I2C1_IRQHandler
                0x0000000008000b54                SPI1_IRQHandler
                0x0000000008000b54                EXTI2_3_IRQHandler
                0x0000000008000b54                RTC_IRQHandler
                0x0000000008000b54                DMA1_Channel4_5_6_7_IRQHandler
                0x0000000008000b54                EXTI4_15_IRQHandler
                0x0000000008000b54                RCC_IRQHandler
                0x0000000008000b54                DMA1_Channel1_IRQHandler
                0x0000000008000b54                Default_Handler
                0x0000000008000b54                TIM22_IRQHandler
                0x0000000008000b54                EXTI0_1_IRQHandler
                0x0000000008000b54                TIM21_IRQHandler
                0x0000000008000b54                WWDG_IRQHandler
                0x0000000008000b54                LPUART1_IRQHandler
                0x0000000008000b54                TIM2_IRQHandler
                0x0000000008000b54                DMA1_Channel2_3_IRQHandler
                0x0000000008000b54                USART2_IRQHandler
                0x0000000008000b54                FLASH_IRQHandler
                0x0000000008000b54                LPTIM1_IRQHandler
 .text.SystemInit
                0x0000000008000b56        0xa Drivers/CMSIS/system_stm32l0xx.o
                0x0000000008000b56                SystemInit
 .text.LL_GPIO_SetPinMode
                0x0000000008000b60       0x3a Drivers/STM32L0xx_HAL_Driver/stm32l0xx_ll_gpio.o
 .text.LL_GPIO_SetPinOutputType
                0x0000000008000b9a       0x2a Drivers/STM32L0xx_HAL_Driver/stm32l0xx_ll_gpio.o
 .text.LL_GPIO_SetPinSpeed
                0x0000000008000bc4       0x3a Drivers/STM32L0xx_HAL_Driver/stm32l0xx_ll_gpio.o
 .text.LL_GPIO_SetPinPull
                0x0000000008000bfe       0x3a Drivers/STM32L0xx_HAL_Driver/stm32l0xx_ll_gpio.o
 .text.LL_GPIO_SetAFPin_0_7
                0x0000000008000c38       0x4a Drivers/STM32L0xx_HAL_Driver/stm32l0xx_ll_gpio.o
 .text.LL_GPIO_SetAFPin_8_15
                0x0000000008000c82       0x5a Drivers/STM32L0xx_HAL_Driver/stm32l0xx_ll_gpio.o
 .text.LL_GPIO_Init
                0x0000000008000cdc       0xbc Drivers/STM32L0xx_HAL_Driver/stm32l0xx_ll_gpio.o
                0x0000000008000cdc                LL_GPIO_Init
 .text.LL_RCC_HSI_IsReady
                0x0000000008000d98       0x20 Drivers/STM32L0xx_HAL_Driver/stm32l0xx_ll_rcc.o
 .text.LL_RCC_LSE_IsReady
                0x0000000008000db8       0x28 Drivers/STM32L0xx_HAL_Driver/stm32l0xx_ll_rcc.o
 .text.LL_RCC_MSI_GetRange
                0x0000000008000de0       0x18 Drivers/STM32L0xx_HAL_Driver/stm32l0xx_ll_rcc.o
 .text.LL_RCC_GetSysClkSource
                0x0000000008000df8       0x18 Drivers/STM32L0xx_HAL_Driver/stm32l0xx_ll_rcc.o
 .text.LL_RCC_GetAHBPrescaler
                0x0000000008000e10       0x18 Drivers/STM32L0xx_HAL_Driver/stm32l0xx_ll_rcc.o
 .text.LL_RCC_GetAPB1Prescaler
                0x0000000008000e28       0x18 Drivers/STM32L0xx_HAL_Driver/stm32l0xx_ll_rcc.o
 .text.LL_RCC_GetUSARTClockSource
                0x0000000008000e40       0x24 Drivers/STM32L0xx_HAL_Driver/stm32l0xx_ll_rcc.o
 .text.LL_RCC_PLL_GetMainSource
                0x0000000008000e64       0x18 Drivers/STM32L0xx_HAL_Driver/stm32l0xx_ll_rcc.o
 .text.LL_RCC_PLL_GetMultiplicator
                0x0000000008000e7c       0x18 Drivers/STM32L0xx_HAL_Driver/stm32l0xx_ll_rcc.o
 .text.LL_RCC_PLL_GetDivider
                0x0000000008000e94       0x18 Drivers/STM32L0xx_HAL_Driver/stm32l0xx_ll_rcc.o
 .text.LL_RCC_IsActiveFlag_HSIDIV
                0x0000000008000eac       0x20 Drivers/STM32L0xx_HAL_Driver/stm32l0xx_ll_rcc.o
 .text.LL_RCC_GetUSARTClockFreq
                0x0000000008000ecc       0xa8 Drivers/STM32L0xx_HAL_Driver/stm32l0xx_ll_rcc.o
                0x0000000008000ecc                LL_RCC_GetUSARTClockFreq
 .text.RCC_GetSystemClockFreq
                0x0000000008000f74       0x88 Drivers/STM32L0xx_HAL_Driver/stm32l0xx_ll_rcc.o
                0x0000000008000f74                RCC_GetSystemClockFreq
 .text.RCC_GetHCLKClockFreq
                0x0000000008000ffc       0x2c Drivers/STM32L0xx_HAL_Driver/stm32l0xx_ll_rcc.o
                0x0000000008000ffc                RCC_GetHCLKClockFreq
 .text.RCC_GetPCLK1ClockFreq
                0x0000000008001028       0x28 Drivers/STM32L0xx_HAL_Driver/stm32l0xx_ll_rcc.o
                0x0000000008001028                RCC_GetPCLK1ClockFreq
 .text.RCC_PLL_GetFreqDomain_SYS
                0x0000000008001050       0x70 Drivers/STM32L0xx_HAL_Driver/stm32l0xx_ll_rcc.o
                0x0000000008001050                RCC_PLL_GetFreqDomain_SYS
 .text.LL_USART_IsEnabled
                0x00000000080010c0       0x22 Drivers/STM32L0xx_HAL_Driver/stm32l0xx_ll_usart.o
 *fill*         0x00000000080010e2        0x2 
 .text.LL_USART_SetStopBitsLength
                0x00000000080010e4       0x28 Drivers/STM32L0xx_HAL_Driver/stm32l0xx_ll_usart.o
 .text.LL_USART_SetHWFlowCtrl
                0x000000000800110c       0x28 Drivers/STM32L0xx_HAL_Driver/stm32l0xx_ll_usart.o
 .text.LL_USART_SetBaudRate
                0x0000000008001134       0x78 Drivers/STM32L0xx_HAL_Driver/stm32l0xx_ll_usart.o
 .text.LL_USART_Init
                0x00000000080011ac       0xb0 Drivers/STM32L0xx_HAL_Driver/stm32l0xx_ll_usart.o
                0x00000000080011ac                LL_USART_Init
 .text.LL_InitTick
                0x000000000800125c       0x34 Drivers/STM32L0xx_HAL_Driver/stm32l0xx_ll_utils.o
 .text.LL_Init1msTick
                0x0000000008001290       0x1e Drivers/STM32L0xx_HAL_Driver/stm32l0xx_ll_utils.o
                0x0000000008001290                LL_Init1msTick
 *fill*         0x00000000080012ae        0x2 
 .text.LL_mDelay
                0x00000000080012b0       0x44 Drivers/STM32L0xx_HAL_Driver/stm32l0xx_ll_utils.o
                0x00000000080012b0                LL_mDelay
 .text.LL_SetSystemCoreClock
                0x00000000080012f4       0x1c Drivers/STM32L0xx_HAL_Driver/stm32l0xx_ll_utils.o
                0x00000000080012f4                LL_SetSystemCoreClock
 .text.__libc_init_array
                0x0000000008001310       0x48 /opt/st/stm32cubeide_1.4.0/plugins/com.st.stm32cube.ide.mcu.externaltools.gnu-tools-for-stm32.7-2018-q2-update.linux64_1.4.0.202007081208/tools/bin/../lib/gcc/arm-none-eabi/7.3.1/../../../../arm-none-eabi/lib/thumb/v6-m/libc_nano.a(lib_a-init.o)
                0x0000000008001310                __libc_init_array
 .text.memset   0x0000000008001358       0x10 /opt/st/stm32cubeide_1.4.0/plugins/com.st.stm32cube.ide.mcu.externaltools.gnu-tools-for-stm32.7-2018-q2-update.linux64_1.4.0.202007081208/tools/bin/../lib/gcc/arm-none-eabi/7.3.1/../../../../arm-none-eabi/lib/thumb/v6-m/libc_nano.a(lib_a-memset.o)
                0x0000000008001358                memset
 *(.glue_7)
 .glue_7        0x0000000008001368        0x0 linker stubs
 *(.glue_7t)
 .glue_7t       0x0000000008001368        0x0 linker stubs
 *(.eh_frame)
 .eh_frame      0x0000000008001368        0x0 /opt/st/stm32cubeide_1.4.0/plugins/com.st.stm32cube.ide.mcu.externaltools.gnu-tools-for-stm32.7-2018-q2-update.linux64_1.4.0.202007081208/tools/bin/../lib/gcc/arm-none-eabi/7.3.1/thumb/v6-m/crtbegin.o
 *(.init)
 .init          0x0000000008001368        0x4 /opt/st/stm32cubeide_1.4.0/plugins/com.st.stm32cube.ide.mcu.externaltools.gnu-tools-for-stm32.7-2018-q2-update.linux64_1.4.0.202007081208/tools/bin/../lib/gcc/arm-none-eabi/7.3.1/thumb/v6-m/crti.o
                0x0000000008001368                _init
 .init          0x000000000800136c        0x8 /opt/st/stm32cubeide_1.4.0/plugins/com.st.stm32cube.ide.mcu.externaltools.gnu-tools-for-stm32.7-2018-q2-update.linux64_1.4.0.202007081208/tools/bin/../lib/gcc/arm-none-eabi/7.3.1/thumb/v6-m/crtn.o
 *(.fini)
 .fini          0x0000000008001374        0x4 /opt/st/stm32cubeide_1.4.0/plugins/com.st.stm32cube.ide.mcu.externaltools.gnu-tools-for-stm32.7-2018-q2-update.linux64_1.4.0.202007081208/tools/bin/../lib/gcc/arm-none-eabi/7.3.1/thumb/v6-m/crti.o
                0x0000000008001374                _fini
 .fini          0x0000000008001378        0x8 /opt/st/stm32cubeide_1.4.0/plugins/com.st.stm32cube.ide.mcu.externaltools.gnu-tools-for-stm32.7-2018-q2-update.linux64_1.4.0.202007081208/tools/bin/../lib/gcc/arm-none-eabi/7.3.1/thumb/v6-m/crtn.o
                0x0000000008001380                . = ALIGN (0x4)
                0x0000000008001380                _etext = .

.vfp11_veneer   0x0000000008001380        0x0
 .vfp11_veneer  0x0000000008001380        0x0 linker stubs

.v4_bx          0x0000000008001380        0x0
 .v4_bx         0x0000000008001380        0x0 linker stubs

.iplt           0x0000000008001380        0x0
 .iplt          0x0000000008001380        0x0 /opt/st/stm32cubeide_1.4.0/plugins/com.st.stm32cube.ide.mcu.externaltools.gnu-tools-for-stm32.7-2018-q2-update.linux64_1.4.0.202007081208/tools/bin/../lib/gcc/arm-none-eabi/7.3.1/thumb/v6-m/crtbegin.o

.rodata         0x0000000008001380       0x24
                0x0000000008001380                . = ALIGN (0x4)
 *(.rodata)
 *(.rodata*)
 .rodata.AHBPrescTable
                0x0000000008001380       0x10 Drivers/CMSIS/system_stm32l0xx.o
                0x0000000008001380                AHBPrescTable
 .rodata.APBPrescTable
                0x0000000008001390        0x8 Drivers/CMSIS/system_stm32l0xx.o
                0x0000000008001390                APBPrescTable
 .rodata.PLLMulTable
                0x0000000008001398        0x9 Drivers/CMSIS/system_stm32l0xx.o
                0x0000000008001398                PLLMulTable
                0x00000000080013a4                . = ALIGN (0x4)
 *fill*         0x00000000080013a1        0x3 

.rel.dyn        0x00000000080013a4        0x0
 .rel.iplt      0x00000000080013a4        0x0 /opt/st/stm32cubeide_1.4.0/plugins/com.st.stm32cube.ide.mcu.externaltools.gnu-tools-for-stm32.7-2018-q2-update.linux64_1.4.0.202007081208/tools/bin/../lib/gcc/arm-none-eabi/7.3.1/thumb/v6-m/crtbegin.o

.ARM.extab      0x00000000080013a4        0x0
                0x00000000080013a4                . = ALIGN (0x4)
 *(.ARM.extab* .gnu.linkonce.armextab.*)
                0x00000000080013a4                . = ALIGN (0x4)

.ARM            0x00000000080013a4        0x0
                0x00000000080013a4                . = ALIGN (0x4)
                0x00000000080013a4                __exidx_start = .
 *(.ARM.exidx*)
                0x00000000080013a4                __exidx_end = .
                0x00000000080013a4                . = ALIGN (0x4)

.preinit_array  0x00000000080013a4        0x0
                0x00000000080013a4                . = ALIGN (0x4)
                0x00000000080013a4                PROVIDE (__preinit_array_start = .)
 *(.preinit_array*)
                0x00000000080013a4                PROVIDE (__preinit_array_end = .)
                0x00000000080013a4                . = ALIGN (0x4)

.init_array     0x00000000080013a4        0x4
                0x00000000080013a4                . = ALIGN (0x4)
                0x00000000080013a4                PROVIDE (__init_array_start = .)
 *(SORT_BY_NAME(.init_array.*))
 *(.init_array*)
 .init_array    0x00000000080013a4        0x4 /opt/st/stm32cubeide_1.4.0/plugins/com.st.stm32cube.ide.mcu.externaltools.gnu-tools-for-stm32.7-2018-q2-update.linux64_1.4.0.202007081208/tools/bin/../lib/gcc/arm-none-eabi/7.3.1/thumb/v6-m/crtbegin.o
                0x00000000080013a8                PROVIDE (__init_array_end = .)
                0x00000000080013a8                . = ALIGN (0x4)

.fini_array     0x00000000080013a8        0x4
                0x00000000080013a8                . = ALIGN (0x4)
                [!provide]                        PROVIDE (__fini_array_start = .)
 *(SORT_BY_NAME(.fini_array.*))
 *(.fini_array*)
 .fini_array    0x00000000080013a8        0x4 /opt/st/stm32cubeide_1.4.0/plugins/com.st.stm32cube.ide.mcu.externaltools.gnu-tools-for-stm32.7-2018-q2-update.linux64_1.4.0.202007081208/tools/bin/../lib/gcc/arm-none-eabi/7.3.1/thumb/v6-m/crtbegin.o
                [!provide]                        PROVIDE (__fini_array_end = .)
                0x00000000080013ac                . = ALIGN (0x4)
                0x00000000080013ac                _sidata = LOADADDR (.data)

.data           0x0000000020000000       0x14 load address 0x00000000080013ac
                0x0000000020000000                . = ALIGN (0x4)
                0x0000000020000000                _sdata = .
 *(.data)
 *(.data*)
 .data.Period   0x0000000020000000        0x4 Application/User/Core/main.o
                0x0000000020000000                Period
 .data.DeadTime
                0x0000000020000004        0x4 Application/User/Core/main.o
                0x0000000020000004                DeadTime
 .data.SwitchoverTime1
                0x0000000020000008        0x4 Application/User/Core/main.o
                0x0000000020000008                SwitchoverTime1
 .data.SwitchoverTime2
                0x000000002000000c        0x4 Application/User/Core/main.o
                0x000000002000000c                SwitchoverTime2
 .data.SystemCoreClock
                0x0000000020000010        0x4 Drivers/CMSIS/system_stm32l0xx.o
                0x0000000020000010                SystemCoreClock
 *(.RamFunc)
 *(.RamFunc*)
                0x0000000020000014                . = ALIGN (0x4)
                0x0000000020000014                _edata = .

.igot.plt       0x0000000020000014        0x0 load address 0x00000000080013c0
 .igot.plt      0x0000000020000014        0x0 /opt/st/stm32cubeide_1.4.0/plugins/com.st.stm32cube.ide.mcu.externaltools.gnu-tools-for-stm32.7-2018-q2-update.linux64_1.4.0.202007081208/tools/bin/../lib/gcc/arm-none-eabi/7.3.1/thumb/v6-m/crtbegin.o
                0x0000000020000014                . = ALIGN (0x4)

.bss            0x0000000020000014       0x1c load address 0x00000000080013c0
                0x0000000020000014                _sbss = .
                0x0000000020000014                __bss_start__ = _sbss
 *(.bss)
 .bss           0x0000000020000014       0x1c /opt/st/stm32cubeide_1.4.0/plugins/com.st.stm32cube.ide.mcu.externaltools.gnu-tools-for-stm32.7-2018-q2-update.linux64_1.4.0.202007081208/tools/bin/../lib/gcc/arm-none-eabi/7.3.1/thumb/v6-m/crtbegin.o
 *(.bss*)
 *(COMMON)
                0x0000000020000030                . = ALIGN (0x4)
                0x0000000020000030                _ebss = .
                0x0000000020000030                __bss_end__ = _ebss

._user_heap_stack
                0x0000000020000030      0x600 load address 0x00000000080013c0
                0x0000000020000030                . = ALIGN (0x8)
                [!provide]                        PROVIDE (end = .)
                0x0000000020000030                PROVIDE (_end = .)
                0x0000000020000230                . = (. + _Min_Heap_Size)
 *fill*         0x0000000020000030      0x200 
                0x0000000020000630                . = (. + _Min_Stack_Size)
 *fill*         0x0000000020000230      0x400 
                0x0000000020000630                . = ALIGN (0x8)

/DISCARD/
 libc.a(*)
 libm.a(*)
 libgcc.a(*)

.ARM.attributes
                0x0000000000000000       0x28
 *(.ARM.attributes)
 .ARM.attributes
                0x0000000000000000       0x1e /opt/st/stm32cubeide_1.4.0/plugins/com.st.stm32cube.ide.mcu.externaltools.gnu-tools-for-stm32.7-2018-q2-update.linux64_1.4.0.202007081208/tools/bin/../lib/gcc/arm-none-eabi/7.3.1/thumb/v6-m/crti.o
 .ARM.attributes
                0x000000000000001e       0x2c /opt/st/stm32cubeide_1.4.0/plugins/com.st.stm32cube.ide.mcu.externaltools.gnu-tools-for-stm32.7-2018-q2-update.linux64_1.4.0.202007081208/tools/bin/../lib/gcc/arm-none-eabi/7.3.1/thumb/v6-m/crtbegin.o
 .ARM.attributes
                0x000000000000004a       0x32 Application/User/Core/main.o
 .ARM.attributes
                0x000000000000007c       0x32 Application/User/Core/stm32l0xx_it.o
 .ARM.attributes
                0x00000000000000ae       0x22 Application/User/Startup/startup_stm32l031k6tx.o
 .ARM.attributes
                0x00000000000000d0       0x32 Drivers/CMSIS/system_stm32l0xx.o
 .ARM.attributes
                0x0000000000000102       0x32 Drivers/STM32L0xx_HAL_Driver/stm32l0xx_ll_gpio.o
 .ARM.attributes
                0x0000000000000134       0x32 Drivers/STM32L0xx_HAL_Driver/stm32l0xx_ll_rcc.o
 .ARM.attributes
                0x0000000000000166       0x32 Drivers/STM32L0xx_HAL_Driver/stm32l0xx_ll_usart.o
 .ARM.attributes
                0x0000000000000198       0x32 Drivers/STM32L0xx_HAL_Driver/stm32l0xx_ll_utils.o
 .ARM.attributes
                0x00000000000001ca       0x2c /opt/st/stm32cubeide_1.4.0/plugins/com.st.stm32cube.ide.mcu.externaltools.gnu-tools-for-stm32.7-2018-q2-update.linux64_1.4.0.202007081208/tools/bin/../lib/gcc/arm-none-eabi/7.3.1/../../../../arm-none-eabi/lib/thumb/v6-m/libc_nano.a(lib_a-init.o)
 .ARM.attributes
                0x00000000000001f6       0x2c /opt/st/stm32cubeide_1.4.0/plugins/com.st.stm32cube.ide.mcu.externaltools.gnu-tools-for-stm32.7-2018-q2-update.linux64_1.4.0.202007081208/tools/bin/../lib/gcc/arm-none-eabi/7.3.1/../../../../arm-none-eabi/lib/thumb/v6-m/libc_nano.a(lib_a-memset.o)
 .ARM.attributes
                0x0000000000000222       0x1e /opt/st/stm32cubeide_1.4.0/plugins/com.st.stm32cube.ide.mcu.externaltools.gnu-tools-for-stm32.7-2018-q2-update.linux64_1.4.0.202007081208/tools/bin/../lib/gcc/arm-none-eabi/7.3.1/thumb/v6-m/libgcc.a(_udivsi3.o)
 .ARM.attributes
                0x0000000000000240       0x1e /opt/st/stm32cubeide_1.4.0/plugins/com.st.stm32cube.ide.mcu.externaltools.gnu-tools-for-stm32.7-2018-q2-update.linux64_1.4.0.202007081208/tools/bin/../lib/gcc/arm-none-eabi/7.3.1/thumb/v6-m/libgcc.a(_dvmd_tls.o)
 .ARM.attributes
                0x000000000000025e       0x1e /opt/st/stm32cubeide_1.4.0/plugins/com.st.stm32cube.ide.mcu.externaltools.gnu-tools-for-stm32.7-2018-q2-update.linux64_1.4.0.202007081208/tools/bin/../lib/gcc/arm-none-eabi/7.3.1/thumb/v6-m/crtn.o
OUTPUT(OudeVolvo.elf elf32-littlearm)

.debug_info     0x0000000000000000     0x2a0a
 .debug_info    0x0000000000000000      0x9a7 Application/User/Core/main.o
 .debug_info    0x00000000000009a7      0x187 Application/User/Core/stm32l0xx_it.o
 .debug_info    0x0000000000000b2e       0x22 Application/User/Startup/startup_stm32l031k6tx.o
 .debug_info    0x0000000000000b50      0x2d8 Drivers/CMSIS/system_stm32l0xx.o
 .debug_info    0x0000000000000e28      0x5fc Drivers/STM32L0xx_HAL_Driver/stm32l0xx_ll_gpio.o
 .debug_info    0x0000000000001424      0x738 Drivers/STM32L0xx_HAL_Driver/stm32l0xx_ll_rcc.o
 .debug_info    0x0000000000001b5c      0x664 Drivers/STM32L0xx_HAL_Driver/stm32l0xx_ll_usart.o
 .debug_info    0x00000000000021c0      0x84a Drivers/STM32L0xx_HAL_Driver/stm32l0xx_ll_utils.o

.debug_abbrev   0x0000000000000000      0xada
 .debug_abbrev  0x0000000000000000      0x204 Application/User/Core/main.o
 .debug_abbrev  0x0000000000000204       0x8b Application/User/Core/stm32l0xx_it.o
 .debug_abbrev  0x000000000000028f       0x12 Application/User/Startup/startup_stm32l031k6tx.o
 .debug_abbrev  0x00000000000002a1      0x100 Drivers/CMSIS/system_stm32l0xx.o
 .debug_abbrev  0x00000000000003a1      0x191 Drivers/STM32L0xx_HAL_Driver/stm32l0xx_ll_gpio.o
 .debug_abbrev  0x0000000000000532      0x1d0 Drivers/STM32L0xx_HAL_Driver/stm32l0xx_ll_rcc.o
 .debug_abbrev  0x0000000000000702      0x1b8 Drivers/STM32L0xx_HAL_Driver/stm32l0xx_ll_usart.o
 .debug_abbrev  0x00000000000008ba      0x220 Drivers/STM32L0xx_HAL_Driver/stm32l0xx_ll_utils.o

.debug_aranges  0x0000000000000000      0x490
 .debug_aranges
                0x0000000000000000       0xf8 Application/User/Core/main.o
 .debug_aranges
                0x00000000000000f8       0x40 Application/User/Core/stm32l0xx_it.o
 .debug_aranges
                0x0000000000000138       0x28 Application/User/Startup/startup_stm32l031k6tx.o
 .debug_aranges
                0x0000000000000160       0x28 Drivers/CMSIS/system_stm32l0xx.o
 .debug_aranges
                0x0000000000000188       0x70 Drivers/STM32L0xx_HAL_Driver/stm32l0xx_ll_gpio.o
 .debug_aranges
                0x00000000000001f8      0x130 Drivers/STM32L0xx_HAL_Driver/stm32l0xx_ll_rcc.o
 .debug_aranges
                0x0000000000000328       0x78 Drivers/STM32L0xx_HAL_Driver/stm32l0xx_ll_usart.o
 .debug_aranges
                0x00000000000003a0       0xf0 Drivers/STM32L0xx_HAL_Driver/stm32l0xx_ll_utils.o

.debug_ranges   0x0000000000000000      0x418
 .debug_ranges  0x0000000000000000       0xe8 Application/User/Core/main.o
 .debug_ranges  0x00000000000000e8       0x30 Application/User/Core/stm32l0xx_it.o
 .debug_ranges  0x0000000000000118       0x20 Application/User/Startup/startup_stm32l031k6tx.o
 .debug_ranges  0x0000000000000138       0x18 Drivers/CMSIS/system_stm32l0xx.o
 .debug_ranges  0x0000000000000150       0x60 Drivers/STM32L0xx_HAL_Driver/stm32l0xx_ll_gpio.o
 .debug_ranges  0x00000000000001b0      0x120 Drivers/STM32L0xx_HAL_Driver/stm32l0xx_ll_rcc.o
 .debug_ranges  0x00000000000002d0       0x68 Drivers/STM32L0xx_HAL_Driver/stm32l0xx_ll_usart.o
 .debug_ranges  0x0000000000000338       0xe0 Drivers/STM32L0xx_HAL_Driver/stm32l0xx_ll_utils.o

.debug_macro    0x0000000000000000     0xb197
 .debug_macro   0x0000000000000000      0x12d Application/User/Core/main.o
 .debug_macro   0x000000000000012d      0xa8a Application/User/Core/main.o
 .debug_macro   0x0000000000000bb7       0x2e Application/User/Core/main.o
 .debug_macro   0x0000000000000be5       0x28 Application/User/Core/main.o
 .debug_macro   0x0000000000000c0d       0x22 Application/User/Core/main.o
 .debug_macro   0x0000000000000c2f       0x8e Application/User/Core/main.o
 .debug_macro   0x0000000000000cbd       0x51 Application/User/Core/main.o
 .debug_macro   0x0000000000000d0e       0xef Application/User/Core/main.o
 .debug_macro   0x0000000000000dfd       0x6a Application/User/Core/main.o
 .debug_macro   0x0000000000000e67      0x1df Application/User/Core/main.o
 .debug_macro   0x0000000000001046       0x1c Application/User/Core/main.o
 .debug_macro   0x0000000000001062       0x22 Application/User/Core/main.o
 .debug_macro   0x0000000000001084       0xb5 Application/User/Core/main.o
 .debug_macro   0x0000000000001139      0x3ad Application/User/Core/main.o
 .debug_macro   0x00000000000014e6     0x7ef9 Application/User/Core/main.o
 .debug_macro   0x00000000000093df       0x3c Application/User/Core/main.o
 .debug_macro   0x000000000000941b      0x3b4 Application/User/Core/main.o
 .debug_macro   0x00000000000097cf       0xb5 Application/User/Core/main.o
 .debug_macro   0x0000000000009884      0x14b Application/User/Core/main.o
 .debug_macro   0x00000000000099cf      0x109 Application/User/Core/main.o
 .debug_macro   0x0000000000009ad8       0x16 Application/User/Core/main.o
 .debug_macro   0x0000000000009aee       0x2a Application/User/Core/main.o
 .debug_macro   0x0000000000009b18       0xcf Application/User/Core/main.o
 .debug_macro   0x0000000000009be7      0x303 Application/User/Core/main.o
 .debug_macro   0x0000000000009eea      0x2f7 Application/User/Core/main.o
 .debug_macro   0x000000000000a1e1      0x12d Application/User/Core/main.o
 .debug_macro   0x000000000000a30e       0x5e Application/User/Core/main.o
 .debug_macro   0x000000000000a36c      0x137 Application/User/Core/stm32l0xx_it.o
 .debug_macro   0x000000000000a4a3       0xba Drivers/CMSIS/system_stm32l0xx.o
 .debug_macro   0x000000000000a55d       0xfc Drivers/STM32L0xx_HAL_Driver/stm32l0xx_ll_gpio.o
 .debug_macro   0x000000000000a659      0x127 Drivers/STM32L0xx_HAL_Driver/stm32l0xx_ll_gpio.o
 .debug_macro   0x000000000000a780       0xe7 Drivers/STM32L0xx_HAL_Driver/stm32l0xx_ll_rcc.o
 .debug_macro   0x000000000000a867      0x3ae Drivers/STM32L0xx_HAL_Driver/stm32l0xx_ll_rcc.o
 .debug_macro   0x000000000000ac15      0x12f Drivers/STM32L0xx_HAL_Driver/stm32l0xx_ll_usart.o
 .debug_macro   0x000000000000ad44      0x2f1 Drivers/STM32L0xx_HAL_Driver/stm32l0xx_ll_usart.o
 .debug_macro   0x000000000000b035      0x162 Drivers/STM32L0xx_HAL_Driver/stm32l0xx_ll_utils.o

.debug_line     0x0000000000000000     0x2f84
 .debug_line    0x0000000000000000      0x8be Application/User/Core/main.o
 .debug_line    0x00000000000008be      0x5fb Application/User/Core/stm32l0xx_it.o
 .debug_line    0x0000000000000eb9       0x95 Application/User/Startup/startup_stm32l031k6tx.o
 .debug_line    0x0000000000000f4e      0x497 Drivers/CMSIS/system_stm32l0xx.o
 .debug_line    0x00000000000013e5      0x5c7 Drivers/STM32L0xx_HAL_Driver/stm32l0xx_ll_gpio.o
 .debug_line    0x00000000000019ac      0x829 Drivers/STM32L0xx_HAL_Driver/stm32l0xx_ll_rcc.o
 .debug_line    0x00000000000021d5      0x609 Drivers/STM32L0xx_HAL_Driver/stm32l0xx_ll_usart.o
 .debug_line    0x00000000000027de      0x7a6 Drivers/STM32L0xx_HAL_Driver/stm32l0xx_ll_utils.o

.debug_str      0x0000000000000000    0x39c23
 .debug_str     0x0000000000000000    0x379e7 Application/User/Core/main.o
                                      0x37c21 (size before relaxing)
 .debug_str     0x00000000000379e7       0xa4 Application/User/Core/stm32l0xx_it.o
                                      0x3779b (size before relaxing)
 .debug_str     0x0000000000037a8b       0x42 Application/User/Startup/startup_stm32l031k6tx.o
                                         0x86 (size before relaxing)
 .debug_str     0x0000000000037acd       0x8f Drivers/CMSIS/system_stm32l0xx.o
                                      0x31918 (size before relaxing)
 .debug_str     0x0000000000037b5c      0x5b3 Drivers/STM32L0xx_HAL_Driver/stm32l0xx_ll_gpio.o
                                      0x32a92 (size before relaxing)
 .debug_str     0x000000000003810f      0x562 Drivers/STM32L0xx_HAL_Driver/stm32l0xx_ll_rcc.o
                                      0x3372d (size before relaxing)
 .debug_str     0x0000000000038671      0x8b4 Drivers/STM32L0xx_HAL_Driver/stm32l0xx_ll_usart.o
                                      0x35022 (size before relaxing)
 .debug_str     0x0000000000038f25      0xcfe Drivers/STM32L0xx_HAL_Driver/stm32l0xx_ll_utils.o
                                      0x34e5a (size before relaxing)

.comment        0x0000000000000000       0x7b
 .comment       0x0000000000000000       0x7b Application/User/Core/main.o
                                         0x7c (size before relaxing)
 .comment       0x000000000000007b       0x7c Application/User/Core/stm32l0xx_it.o
 .comment       0x000000000000007b       0x7c Drivers/CMSIS/system_stm32l0xx.o
 .comment       0x000000000000007b       0x7c Drivers/STM32L0xx_HAL_Driver/stm32l0xx_ll_gpio.o
 .comment       0x000000000000007b       0x7c Drivers/STM32L0xx_HAL_Driver/stm32l0xx_ll_rcc.o
 .comment       0x000000000000007b       0x7c Drivers/STM32L0xx_HAL_Driver/stm32l0xx_ll_usart.o
 .comment       0x000000000000007b       0x7c Drivers/STM32L0xx_HAL_Driver/stm32l0xx_ll_utils.o

.debug_frame    0x0000000000000000      0xf30
 .debug_frame   0x0000000000000000      0x36c Application/User/Core/main.o
 .debug_frame   0x000000000000036c       0x9c Application/User/Core/stm32l0xx_it.o
 .debug_frame   0x0000000000000408       0x4c Drivers/CMSIS/system_stm32l0xx.o
 .debug_frame   0x0000000000000454      0x170 Drivers/STM32L0xx_HAL_Driver/stm32l0xx_ll_gpio.o
 .debug_frame   0x00000000000005c4      0x42c Drivers/STM32L0xx_HAL_Driver/stm32l0xx_ll_rcc.o
 .debug_frame   0x00000000000009f0      0x190 Drivers/STM32L0xx_HAL_Driver/stm32l0xx_ll_usart.o
 .debug_frame   0x0000000000000b80      0x344 Drivers/STM32L0xx_HAL_Driver/stm32l0xx_ll_utils.o
 .debug_frame   0x0000000000000ec4       0x2c /opt/st/stm32cubeide_1.4.0/plugins/com.st.stm32cube.ide.mcu.externaltools.gnu-tools-for-stm32.7-2018-q2-update.linux64_1.4.0.202007081208/tools/bin/../lib/gcc/arm-none-eabi/7.3.1/../../../../arm-none-eabi/lib/thumb/v6-m/libc_nano.a(lib_a-init.o)
 .debug_frame   0x0000000000000ef0       0x20 /opt/st/stm32cubeide_1.4.0/plugins/com.st.stm32cube.ide.mcu.externaltools.gnu-tools-for-stm32.7-2018-q2-update.linux64_1.4.0.202007081208/tools/bin/../lib/gcc/arm-none-eabi/7.3.1/../../../../arm-none-eabi/lib/thumb/v6-m/libc_nano.a(lib_a-memset.o)
 .debug_frame   0x0000000000000f10       0x20 /opt/st/stm32cubeide_1.4.0/plugins/com.st.stm32cube.ide.mcu.externaltools.gnu-tools-for-stm32.7-2018-q2-update.linux64_1.4.0.202007081208/tools/bin/../lib/gcc/arm-none-eabi/7.3.1/thumb/v6-m/libgcc.a(_udivsi3.o)
