Archive member included to satisfy reference by file (symbol)

/opt/st/stm32cubeide_1.4.0/plugins/com.st.stm32cube.ide.mcu.externaltools.gnu-tools-for-stm32.7-2018-q2-update.linux64_1.4.0.202007081208/tools/bin/../lib/gcc/arm-none-eabi/7.3.1/../../../../arm-none-eabi/lib/thumb/v6-m/libc_nano.a(lib_a-errno.o)
                              Application/User/Core/syscalls.o (__errno)
/opt/st/stm32cubeide_1.4.0/plugins/com.st.stm32cube.ide.mcu.externaltools.gnu-tools-for-stm32.7-2018-q2-update.linux64_1.4.0.202007081208/tools/bin/../lib/gcc/arm-none-eabi/7.3.1/../../../../arm-none-eabi/lib/thumb/v6-m/libc_nano.a(lib_a-exit.o)
                              /opt/st/stm32cubeide_1.4.0/plugins/com.st.stm32cube.ide.mcu.externaltools.gnu-tools-for-stm32.7-2018-q2-update.linux64_1.4.0.202007081208/tools/bin/../lib/gcc/arm-none-eabi/7.3.1/../../../../arm-none-eabi/lib/thumb/v6-m/crt0.o (exit)
/opt/st/stm32cubeide_1.4.0/plugins/com.st.stm32cube.ide.mcu.externaltools.gnu-tools-for-stm32.7-2018-q2-update.linux64_1.4.0.202007081208/tools/bin/../lib/gcc/arm-none-eabi/7.3.1/../../../../arm-none-eabi/lib/thumb/v6-m/libc_nano.a(lib_a-impure.o)
                              /opt/st/stm32cubeide_1.4.0/plugins/com.st.stm32cube.ide.mcu.externaltools.gnu-tools-for-stm32.7-2018-q2-update.linux64_1.4.0.202007081208/tools/bin/../lib/gcc/arm-none-eabi/7.3.1/../../../../arm-none-eabi/lib/thumb/v6-m/libc_nano.a(lib_a-exit.o) (_global_impure_ptr)
/opt/st/stm32cubeide_1.4.0/plugins/com.st.stm32cube.ide.mcu.externaltools.gnu-tools-for-stm32.7-2018-q2-update.linux64_1.4.0.202007081208/tools/bin/../lib/gcc/arm-none-eabi/7.3.1/../../../../arm-none-eabi/lib/thumb/v6-m/libc_nano.a(lib_a-init.o)
                              /opt/st/stm32cubeide_1.4.0/plugins/com.st.stm32cube.ide.mcu.externaltools.gnu-tools-for-stm32.7-2018-q2-update.linux64_1.4.0.202007081208/tools/bin/../lib/gcc/arm-none-eabi/7.3.1/../../../../arm-none-eabi/lib/thumb/v6-m/crt0.o (__libc_init_array)
/opt/st/stm32cubeide_1.4.0/plugins/com.st.stm32cube.ide.mcu.externaltools.gnu-tools-for-stm32.7-2018-q2-update.linux64_1.4.0.202007081208/tools/bin/../lib/gcc/arm-none-eabi/7.3.1/../../../../arm-none-eabi/lib/thumb/v6-m/libc_nano.a(lib_a-memset.o)
                              /opt/st/stm32cubeide_1.4.0/plugins/com.st.stm32cube.ide.mcu.externaltools.gnu-tools-for-stm32.7-2018-q2-update.linux64_1.4.0.202007081208/tools/bin/../lib/gcc/arm-none-eabi/7.3.1/../../../../arm-none-eabi/lib/thumb/v6-m/crt0.o (memset)
/opt/st/stm32cubeide_1.4.0/plugins/com.st.stm32cube.ide.mcu.externaltools.gnu-tools-for-stm32.7-2018-q2-update.linux64_1.4.0.202007081208/tools/bin/../lib/gcc/arm-none-eabi/7.3.1/thumb/v6-m/libgcc.a(_udivsi3.o)
                              Drivers/CMSIS/system_stm32l0xx.o (__aeabi_uidiv)
/opt/st/stm32cubeide_1.4.0/plugins/com.st.stm32cube.ide.mcu.externaltools.gnu-tools-for-stm32.7-2018-q2-update.linux64_1.4.0.202007081208/tools/bin/../lib/gcc/arm-none-eabi/7.3.1/thumb/v6-m/libgcc.a(_dvmd_tls.o)
                              /opt/st/stm32cubeide_1.4.0/plugins/com.st.stm32cube.ide.mcu.externaltools.gnu-tools-for-stm32.7-2018-q2-update.linux64_1.4.0.202007081208/tools/bin/../lib/gcc/arm-none-eabi/7.3.1/thumb/v6-m/libgcc.a(_udivsi3.o) (__aeabi_idiv0)

Discarded input sections

 .text          0x0000000000000000        0x0 /opt/st/stm32cubeide_1.4.0/plugins/com.st.stm32cube.ide.mcu.externaltools.gnu-tools-for-stm32.7-2018-q2-update.linux64_1.4.0.202007081208/tools/bin/../lib/gcc/arm-none-eabi/7.3.1/thumb/v6-m/crti.o
 .data          0x0000000000000000        0x0 /opt/st/stm32cubeide_1.4.0/plugins/com.st.stm32cube.ide.mcu.externaltools.gnu-tools-for-stm32.7-2018-q2-update.linux64_1.4.0.202007081208/tools/bin/../lib/gcc/arm-none-eabi/7.3.1/thumb/v6-m/crti.o
 .bss           0x0000000000000000        0x0 /opt/st/stm32cubeide_1.4.0/plugins/com.st.stm32cube.ide.mcu.externaltools.gnu-tools-for-stm32.7-2018-q2-update.linux64_1.4.0.202007081208/tools/bin/../lib/gcc/arm-none-eabi/7.3.1/thumb/v6-m/crti.o
 .data          0x0000000000000000        0x4 /opt/st/stm32cubeide_1.4.0/plugins/com.st.stm32cube.ide.mcu.externaltools.gnu-tools-for-stm32.7-2018-q2-update.linux64_1.4.0.202007081208/tools/bin/../lib/gcc/arm-none-eabi/7.3.1/thumb/v6-m/crtbegin.o
 .text          0x0000000000000000       0x78 /opt/st/stm32cubeide_1.4.0/plugins/com.st.stm32cube.ide.mcu.externaltools.gnu-tools-for-stm32.7-2018-q2-update.linux64_1.4.0.202007081208/tools/bin/../lib/gcc/arm-none-eabi/7.3.1/../../../../arm-none-eabi/lib/thumb/v6-m/crt0.o
 .data          0x0000000000000000        0x0 /opt/st/stm32cubeide_1.4.0/plugins/com.st.stm32cube.ide.mcu.externaltools.gnu-tools-for-stm32.7-2018-q2-update.linux64_1.4.0.202007081208/tools/bin/../lib/gcc/arm-none-eabi/7.3.1/../../../../arm-none-eabi/lib/thumb/v6-m/crt0.o
[...]
Memory Configuration

Name             Origin             Length             Attributes
RAM              0x0000000020000000 0x0000000000002000 xrw
FLASH            0x0000000008000000 0x0000000000008000 xr
*default*        0x0000000000000000 0xffffffffffffffff

Linker script and memory map

LOAD /opt/st/stm32cubeide_1.4.0/plugins/com.st.stm32cube.ide.mcu.externaltools.gnu-tools-for-stm32.7-2018-q2-update.linux64_1.4.0.202007081208/tools/bin/../lib/gcc/arm-none-eabi/7.3.1/thumb/v6-m/crti.o
LOAD /opt/st/stm32cubeide_1.4.0/plugins/com.st.stm32cube.ide.mcu.externaltools.gnu-tools-for-stm32.7-2018-q2-update.linux64_1.4.0.202007081208/tools/bin/../lib/gcc/arm-none-eabi/7.3.1/thumb/v6-m/crtbegin.o
LOAD /opt/st/stm32cubeide_1.4.0/plugins/com.st.stm32cube.ide.mcu.externaltools.gnu-tools-for-stm32.7-2018-q2-update.linux64_1.4.0.202007081208/tools/bin/../lib/gcc/arm-none-eabi/7.3.1/../../../../arm-none-eabi/lib/thumb/v6-m/crt0.o
LOAD Application/User/Core/eeprom.o
LOAD Application/User/Core/main.o
LOAD Application/User/Core/stm32l0xx_it.o
LOAD Application/User/Core/syscalls.o
LOAD Application/User/Core/sysmem.o
LOAD Application/User/Startup/startup_stm32l031k6tx.o
LOAD Drivers/CMSIS/system_stm32l0xx.o
LOAD Drivers/STM32L0xx_HAL_Driver/stm32l0xx_ll_dma.o
LOAD Drivers/STM32L0xx_HAL_Driver/stm32l0xx_ll_exti.o
LOAD Drivers/STM32L0xx_HAL_Driver/stm32l0xx_ll_gpio.o
LOAD Drivers/STM32L0xx_HAL_Driver/stm32l0xx_ll_pwr.o
LOAD Drivers/STM32L0xx_HAL_Driver/stm32l0xx_ll_rcc.o
LOAD Drivers/STM32L0xx_HAL_Driver/stm32l0xx_ll_usart.o
LOAD Drivers/STM32L0xx_HAL_Driver/stm32l0xx_ll_utils.o
START GROUP
LOAD /opt/st/stm32cubeide_1.4.0/plugins/com.st.stm32cube.ide.mcu.externaltools.gnu-tools-for-stm32.7-2018-q2-update.linux64_1.4.0.202007081208/tools/bin/../lib/gcc/arm-none-eabi/7.3.1/../../../../arm-none-eabi/lib/thumb/v6-m/libc_nano.a
LOAD /opt/st/stm32cubeide_1.4.0/plugins/com.st.stm32cube.ide.mcu.externaltools.gnu-tools-for-stm32.7-2018-q2-update.linux64_1.4.0.202007081208/tools/bin/../lib/gcc/arm-none-eabi/7.3.1/../../../../arm-none-eabi/lib/thumb/v6-m/libm.a
END GROUP
START GROUP
LOAD /opt/st/stm32cubeide_1.4.0/plugins/com.st.stm32cube.ide.mcu.externaltools.gnu-tools-for-stm32.7-2018-q2-update.linux64_1.4.0.202007081208/tools/bin/../lib/gcc/arm-none-eabi/7.3.1/thumb/v6-m/libgcc.a
LOAD /opt/st/stm32cubeide_1.4.0/plugins/com.st.stm32cube.ide.mcu.externaltools.gnu-tools-for-stm32.7-2018-q2-update.linux64_1.4.0.202007081208/tools/bin/../lib/gcc/arm-none-eabi/7.3.1/../../../../arm-none-eabi/lib/thumb/v6-m/libc_nano.a
END GROUP
START GROUP
LOAD /opt/st/stm32cubeide_1.4.0/plugins/com.st.stm32cube.ide.mcu.externaltools.gnu-tools-for-stm32.7-2018-q2-update.linux64_1.4.0.202007081208/tools/bin/../lib/gcc/arm-none-eabi/7.3.1/thumb/v6-m/libgcc.a
LOAD /opt/st/stm32cubeide_1.4.0/plugins/com.st.stm32cube.ide.mcu.externaltools.gnu-tools-for-stm32.7-2018-q2-update.linux64_1.4.0.202007081208/tools/bin/../lib/gcc/arm-none-eabi/7.3.1/../../../../arm-none-eabi/lib/thumb/v6-m/libc_nano.a
LOAD /opt/st/stm32cubeide_1.4.0/plugins/com.st.stm32cube.ide.mcu.externaltools.gnu-tools-for-stm32.7-2018-q2-update.linux64_1.4.0.202007081208/tools/bin/../lib/gcc/arm-none-eabi/7.3.1/../../../../arm-none-eabi/lib/thumb/v6-m/libnosys.a
END GROUP
START GROUP
LOAD /opt/st/stm32cubeide_1.4.0/plugins/com.st.stm32cube.ide.mcu.externaltools.gnu-tools-for-stm32.7-2018-q2-update.linux64_1.4.0.202007081208/tools/bin/../lib/gcc/arm-none-eabi/7.3.1/thumb/v6-m/libgcc.a
LOAD /opt/st/stm32cubeide_1.4.0/plugins/com.st.stm32cube.ide.mcu.externaltools.gnu-tools-for-stm32.7-2018-q2-update.linux64_1.4.0.202007081208/tools/bin/../lib/gcc/arm-none-eabi/7.3.1/../../../../arm-none-eabi/lib/thumb/v6-m/libc_nano.a
LOAD /opt/st/stm32cubeide_1.4.0/plugins/com.st.stm32cube.ide.mcu.externaltools.gnu-tools-for-stm32.7-2018-q2-update.linux64_1.4.0.202007081208/tools/bin/../lib/gcc/arm-none-eabi/7.3.1/../../../../arm-none-eabi/lib/thumb/v6-m/libnosys.a
END GROUP
LOAD /opt/st/stm32cubeide_1.4.0/plugins/com.st.stm32cube.ide.mcu.externaltools.gnu-tools-for-stm32.7-2018-q2-update.linux64_1.4.0.202007081208/tools/bin/../lib/gcc/arm-none-eabi/7.3.1/thumb/v6-m/crtend.o
LOAD /opt/st/stm32cubeide_1.4.0/plugins/com.st.stm32cube.ide.mcu.externaltools.gnu-tools-for-stm32.7-2018-q2-update.linux64_1.4.0.202007081208/tools/bin/../lib/gcc/arm-none-eabi/7.3.1/thumb/v6-m/crtn.o
                0x0000000020002000                _estack = (ORIGIN (RAM) + LENGTH (RAM))
                0x0000000000000200                _Min_Heap_Size = 0x200
                0x0000000000000400                _Min_Stack_Size = 0x400

.isr_vector     0x0000000008000000       0xc0
                0x0000000008000000                . = ALIGN (0x4)
 *(.isr_vector)
 .isr_vector    0x0000000008000000       0xc0 Application/User/Startup/startup_stm32l031k6tx.o
                0x0000000008000000                g_pfnVectors
                0x00000000080000c0                . = ALIGN (0x4)

.text           0x00000000080000c0     0x1474
                0x00000000080000c0                . = ALIGN (0x4)
 *(.text)
 .text          0x00000000080000c0       0x48 /opt/st/stm32cubeide_1.4.0/plugins/com.st.stm32cube.ide.mcu.externaltools.gnu-tools-for-stm32.7-2018-q2-update.linux64_1.4.0.202007081208/tools/bin/../lib/gcc/arm-none-eabi/7.3.1/thumb/v6-m/crtbegin.o
 .text          0x0000000008000108      0x114 /opt/st/stm32cubeide_1.4.0/plugins/com.st.stm32cube.ide.mcu.externaltools.gnu-tools-for-stm32.7-2018-q2-update.linux64_1.4.0.202007081208/tools/bin/../lib/gcc/arm-none-eabi/7.3.1/thumb/v6-m/libgcc.a(_udivsi3.o)
                0x0000000008000108                __udivsi3
                0x0000000008000108                __aeabi_uidiv
                0x0000000008000214                __aeabi_uidivmod
 .text          0x000000000800021c        0x4 /opt/st/stm32cubeide_1.4.0/plugins/com.st.stm32cube.ide.mcu.externaltools.gnu-tools-for-stm32.7-2018-q2-update.linux64_1.4.0.202007081208/tools/bin/../lib/gcc/arm-none-eabi/7.3.1/thumb/v6-m/libgcc.a(_dvmd_tls.o)
                0x000000000800021c                __aeabi_ldiv0
                0x000000000800021c                __aeabi_idiv0
 *(.text*)
 .text.FLASH_IRQHandler
                0x0000000008000220      0x138 Application/User/Core/eeprom.o
                0x0000000008000220                FLASH_IRQHandler
 .text.LL_RCC_HSI_Enable
                0x0000000008000358       0x1c Application/User/Core/main.o
 .text.LL_RCC_HSI_IsReady
                0x0000000008000374       0x20 Application/User/Core/main.o
 .text.LL_RCC_HSI_SetCalibTrimming
                0x0000000008000394       0x2c Application/User/Core/main.o
 .text.LL_RCC_SetSysClkSource
                0x00000000080003c0       0x28 Application/User/Core/main.o
 .text.LL_RCC_GetSysClkSource
                0x00000000080003e8       0x18 Application/User/Core/main.o
 .text.LL_RCC_SetAHBPrescaler
                0x0000000008000400       0x28 Application/User/Core/main.o
 .text.LL_RCC_SetAPB1Prescaler
                0x0000000008000428       0x2c Application/User/Core/main.o
 .text.LL_RCC_SetAPB2Prescaler
                0x0000000008000454       0x2c Application/User/Core/main.o
 .text.LL_RCC_SetUSARTClockSource
                0x0000000008000480       0x30 Application/User/Core/main.o
 .text.LL_RCC_PLL_Enable
                0x00000000080004b0       0x1c Application/User/Core/main.o
 .text.LL_RCC_PLL_IsReady
                0x00000000080004cc       0x28 Application/User/Core/main.o
 .text.LL_RCC_PLL_ConfigDomain_SYS
                0x00000000080004f4       0x38 Application/User/Core/main.o
 .text.LL_APB1_GRP1_EnableClock
                0x000000000800052c       0x2c Application/User/Core/main.o
 .text.LL_APB2_GRP1_EnableClock
                0x0000000008000558       0x2c Application/User/Core/main.o
 .text.LL_IOP_GRP1_EnableClock
                0x0000000008000584       0x2c Application/User/Core/main.o
 .text.LL_FLASH_SetLatency
                0x00000000080005b0       0x28 Application/User/Core/main.o
 .text.LL_FLASH_GetLatency
                0x00000000080005d8       0x18 Application/User/Core/main.o
 .text.LL_PWR_SetRegulVoltageScaling
                0x00000000080005f0       0x2c Application/User/Core/main.o
 .text.LL_USART_Enable
                0x000000000800061c       0x1c Application/User/Core/main.o
 .text.LL_USART_ConfigAsyncMode
                0x0000000008000638       0x30 Application/User/Core/main.o
 .text.LL_GPIO_SetOutputPin
                0x0000000008000668       0x18 Application/User/Core/main.o
 .text.LL_GPIO_ResetOutputPin
                0x0000000008000680       0x18 Application/User/Core/main.o
 .text.LL_GPIO_TogglePin
                0x0000000008000698       0x2e Application/User/Core/main.o
 *fill*         0x00000000080006c6        0x2 
 .text.main     0x00000000080006c8      0x154 Application/User/Core/main.o
                0x00000000080006c8                main
 .text.SystemClock_Config
                0x000000000800081c       0xa0 Application/User/Core/main.o
                0x000000000800081c                SystemClock_Config
 .text.MX_USART2_UART_Init
                0x00000000080008bc       0xf0 Application/User/Core/main.o
 .text.MX_GPIO_Init
                0x00000000080009ac      0x2e0 Application/User/Core/main.o
 .text.NMI_Handler
                0x0000000008000c8c        0x6 Application/User/Core/stm32l0xx_it.o
                0x0000000008000c8c                NMI_Handler
 .text.HardFault_Handler
                0x0000000008000c92        0x6 Application/User/Core/stm32l0xx_it.o
                0x0000000008000c92                HardFault_Handler
 .text.SVC_Handler
                0x0000000008000c98        0xa Application/User/Core/stm32l0xx_it.o
                0x0000000008000c98                SVC_Handler
 .text.PendSV_Handler
                0x0000000008000ca2        0xa Application/User/Core/stm32l0xx_it.o
                0x0000000008000ca2                PendSV_Handler
 .text.SysTick_Handler
                0x0000000008000cac        0xa Application/User/Core/stm32l0xx_it.o
                0x0000000008000cac                SysTick_Handler
 *fill*         0x0000000008000cb6        0x2 
 .text.Reset_Handler
                0x0000000008000cb8       0x50 Application/User/Startup/startup_stm32l031k6tx.o
                0x0000000008000cb8                Reset_Handler
 .text.Default_Handler
                0x0000000008000d08        0x2 Application/User/Startup/startup_stm32l031k6tx.o
                0x0000000008000d08                ADC1_COMP_IRQHandler
                0x0000000008000d08                PVD_IRQHandler
                0x0000000008000d08                I2C1_IRQHandler
                0x0000000008000d08                SPI1_IRQHandler
                0x0000000008000d08                EXTI2_3_IRQHandler
                0x0000000008000d08                RTC_IRQHandler
                0x0000000008000d08                DMA1_Channel4_5_6_7_IRQHandler
                0x0000000008000d08                EXTI4_15_IRQHandler
                0x0000000008000d08                RCC_IRQHandler
                0x0000000008000d08                DMA1_Channel1_IRQHandler
                0x0000000008000d08                Default_Handler
                0x0000000008000d08                TIM22_IRQHandler
                0x0000000008000d08                EXTI0_1_IRQHandler
                0x0000000008000d08                TIM21_IRQHandler
                0x0000000008000d08                WWDG_IRQHandler
                0x0000000008000d08                LPUART1_IRQHandler
                0x0000000008000d08                TIM2_IRQHandler
                0x0000000008000d08                DMA1_Channel2_3_IRQHandler
                0x0000000008000d08                USART2_IRQHandler
                0x0000000008000d08                LPTIM1_IRQHandler
 .text.SystemInit
                0x0000000008000d0a        0xa Drivers/CMSIS/system_stm32l0xx.o
                0x0000000008000d0a                SystemInit
 .text.LL_GPIO_SetPinMode
                0x0000000008000d14       0x3a Drivers/STM32L0xx_HAL_Driver/stm32l0xx_ll_gpio.o
 .text.LL_GPIO_SetPinOutputType
                0x0000000008000d4e       0x2a Drivers/STM32L0xx_HAL_Driver/stm32l0xx_ll_gpio.o
 .text.LL_GPIO_SetPinSpeed
                0x0000000008000d78       0x3a Drivers/STM32L0xx_HAL_Driver/stm32l0xx_ll_gpio.o
 .text.LL_GPIO_SetPinPull
                0x0000000008000db2       0x3a Drivers/STM32L0xx_HAL_Driver/stm32l0xx_ll_gpio.o
 .text.LL_GPIO_SetAFPin_0_7
                0x0000000008000dec       0x4a Drivers/STM32L0xx_HAL_Driver/stm32l0xx_ll_gpio.o
 .text.LL_GPIO_SetAFPin_8_15
                0x0000000008000e36       0x5a Drivers/STM32L0xx_HAL_Driver/stm32l0xx_ll_gpio.o
 .text.LL_GPIO_Init
                0x0000000008000e90       0xbc Drivers/STM32L0xx_HAL_Driver/stm32l0xx_ll_gpio.o
                0x0000000008000e90                LL_GPIO_Init
 .text.LL_RCC_HSI_IsReady
                0x0000000008000f4c       0x20 Drivers/STM32L0xx_HAL_Driver/stm32l0xx_ll_rcc.o
 .text.LL_RCC_LSE_IsReady
                0x0000000008000f6c       0x28 Drivers/STM32L0xx_HAL_Driver/stm32l0xx_ll_rcc.o
 .text.LL_RCC_MSI_GetRange
                0x0000000008000f94       0x18 Drivers/STM32L0xx_HAL_Driver/stm32l0xx_ll_rcc.o
 .text.LL_RCC_GetSysClkSource
                0x0000000008000fac       0x18 Drivers/STM32L0xx_HAL_Driver/stm32l0xx_ll_rcc.o
 .text.LL_RCC_GetAHBPrescaler
                0x0000000008000fc4       0x18 Drivers/STM32L0xx_HAL_Driver/stm32l0xx_ll_rcc.o
 .text.LL_RCC_GetAPB1Prescaler
                0x0000000008000fdc       0x18 Drivers/STM32L0xx_HAL_Driver/stm32l0xx_ll_rcc.o
 .text.LL_RCC_GetUSARTClockSource
                0x0000000008000ff4       0x24 Drivers/STM32L0xx_HAL_Driver/stm32l0xx_ll_rcc.o
 .text.LL_RCC_PLL_GetMainSource
                0x0000000008001018       0x18 Drivers/STM32L0xx_HAL_Driver/stm32l0xx_ll_rcc.o
 .text.LL_RCC_PLL_GetMultiplicator
                0x0000000008001030       0x18 Drivers/STM32L0xx_HAL_Driver/stm32l0xx_ll_rcc.o
 .text.LL_RCC_PLL_GetDivider
                0x0000000008001048       0x18 Drivers/STM32L0xx_HAL_Driver/stm32l0xx_ll_rcc.o
 .text.LL_RCC_IsActiveFlag_HSIDIV
                0x0000000008001060       0x20 Drivers/STM32L0xx_HAL_Driver/stm32l0xx_ll_rcc.o
 .text.LL_RCC_GetUSARTClockFreq
                0x0000000008001080       0xa8 Drivers/STM32L0xx_HAL_Driver/stm32l0xx_ll_rcc.o
                0x0000000008001080                LL_RCC_GetUSARTClockFreq
 .text.RCC_GetSystemClockFreq
                0x0000000008001128       0x88 Drivers/STM32L0xx_HAL_Driver/stm32l0xx_ll_rcc.o
                0x0000000008001128                RCC_GetSystemClockFreq
 .text.RCC_GetHCLKClockFreq
                0x00000000080011b0       0x2c Drivers/STM32L0xx_HAL_Driver/stm32l0xx_ll_rcc.o
                0x00000000080011b0                RCC_GetHCLKClockFreq
 .text.RCC_GetPCLK1ClockFreq
                0x00000000080011dc       0x28 Drivers/STM32L0xx_HAL_Driver/stm32l0xx_ll_rcc.o
                0x00000000080011dc                RCC_GetPCLK1ClockFreq
 .text.RCC_PLL_GetFreqDomain_SYS
                0x0000000008001204       0x70 Drivers/STM32L0xx_HAL_Driver/stm32l0xx_ll_rcc.o
                0x0000000008001204                RCC_PLL_GetFreqDomain_SYS
 .text.LL_USART_IsEnabled
                0x0000000008001274       0x22 Drivers/STM32L0xx_HAL_Driver/stm32l0xx_ll_usart.o
 *fill*         0x0000000008001296        0x2 
 .text.LL_USART_SetStopBitsLength
                0x0000000008001298       0x28 Drivers/STM32L0xx_HAL_Driver/stm32l0xx_ll_usart.o
 .text.LL_USART_SetHWFlowCtrl
                0x00000000080012c0       0x28 Drivers/STM32L0xx_HAL_Driver/stm32l0xx_ll_usart.o
 .text.LL_USART_SetBaudRate
                0x00000000080012e8       0x78 Drivers/STM32L0xx_HAL_Driver/stm32l0xx_ll_usart.o
 .text.LL_USART_Init
                0x0000000008001360       0xb0 Drivers/STM32L0xx_HAL_Driver/stm32l0xx_ll_usart.o
                0x0000000008001360                LL_USART_Init
 .text.LL_InitTick
                0x0000000008001410       0x34 Drivers/STM32L0xx_HAL_Driver/stm32l0xx_ll_utils.o
 .text.LL_Init1msTick
                0x0000000008001444       0x1e Drivers/STM32L0xx_HAL_Driver/stm32l0xx_ll_utils.o
                0x0000000008001444                LL_Init1msTick
 *fill*         0x0000000008001462        0x2 
 .text.LL_mDelay
                0x0000000008001464       0x44 Drivers/STM32L0xx_HAL_Driver/stm32l0xx_ll_utils.o
                0x0000000008001464                LL_mDelay
 .text.LL_SetSystemCoreClock
                0x00000000080014a8       0x1c Drivers/STM32L0xx_HAL_Driver/stm32l0xx_ll_utils.o
                0x00000000080014a8                LL_SetSystemCoreClock
 .text.__libc_init_array
                0x00000000080014c4       0x48 /opt/st/stm32cubeide_1.4.0/plugins/com.st.stm32cube.ide.mcu.externaltools.gnu-tools-for-stm32.7-2018-q2-update.linux64_1.4.0.202007081208/tools/bin/../lib/gcc/arm-none-eabi/7.3.1/../../../../arm-none-eabi/lib/thumb/v6-m/libc_nano.a(lib_a-init.o)
                0x00000000080014c4                __libc_init_array
 .text.memset   0x000000000800150c       0x10 /opt/st/stm32cubeide_1.4.0/plugins/com.st.stm32cube.ide.mcu.externaltools.gnu-tools-for-stm32.7-2018-q2-update.linux64_1.4.0.202007081208/tools/bin/../lib/gcc/arm-none-eabi/7.3.1/../../../../arm-none-eabi/lib/thumb/v6-m/libc_nano.a(lib_a-memset.o)
                0x000000000800150c                memset
 *(.glue_7)
 .glue_7        0x000000000800151c        0x0 linker stubs
 *(.glue_7t)
 .glue_7t       0x000000000800151c        0x0 linker stubs
 *(.eh_frame)
 .eh_frame      0x000000000800151c        0x0 /opt/st/stm32cubeide_1.4.0/plugins/com.st.stm32cube.ide.mcu.externaltools.gnu-tools-for-stm32.7-2018-q2-update.linux64_1.4.0.202007081208/tools/bin/../lib/gcc/arm-none-eabi/7.3.1/thumb/v6-m/crtbegin.o
 *(.init)
 .init          0x000000000800151c        0x4 /opt/st/stm32cubeide_1.4.0/plugins/com.st.stm32cube.ide.mcu.externaltools.gnu-tools-for-stm32.7-2018-q2-update.linux64_1.4.0.202007081208/tools/bin/../lib/gcc/arm-none-eabi/7.3.1/thumb/v6-m/crti.o
                0x000000000800151c                _init
 .init          0x0000000008001520        0x8 /opt/st/stm32cubeide_1.4.0/plugins/com.st.stm32cube.ide.mcu.externaltools.gnu-tools-for-stm32.7-2018-q2-update.linux64_1.4.0.202007081208/tools/bin/../lib/gcc/arm-none-eabi/7.3.1/thumb/v6-m/crtn.o
 *(.fini)
 .fini          0x0000000008001528        0x4 /opt/st/stm32cubeide_1.4.0/plugins/com.st.stm32cube.ide.mcu.externaltools.gnu-tools-for-stm32.7-2018-q2-update.linux64_1.4.0.202007081208/tools/bin/../lib/gcc/arm-none-eabi/7.3.1/thumb/v6-m/crti.o
                0x0000000008001528                _fini
 .fini          0x000000000800152c        0x8 /opt/st/stm32cubeide_1.4.0/plugins/com.st.stm32cube.ide.mcu.externaltools.gnu-tools-for-stm32.7-2018-q2-update.linux64_1.4.0.202007081208/tools/bin/../lib/gcc/arm-none-eabi/7.3.1/thumb/v6-m/crtn.o
                0x0000000008001534                . = ALIGN (0x4)
                0x0000000008001534                _etext = .

.vfp11_veneer   0x0000000008001534        0x0
 .vfp11_veneer  0x0000000008001534        0x0 linker stubs

.v4_bx          0x0000000008001534        0x0
 .v4_bx         0x0000000008001534        0x0 linker stubs

.iplt           0x0000000008001534        0x0
 .iplt          0x0000000008001534        0x0 /opt/st/stm32cubeide_1.4.0/plugins/com.st.stm32cube.ide.mcu.externaltools.gnu-tools-for-stm32.7-2018-q2-update.linux64_1.4.0.202007081208/tools/bin/../lib/gcc/arm-none-eabi/7.3.1/thumb/v6-m/crtbegin.o

.rodata         0x0000000008001534       0x24
                0x0000000008001534                . = ALIGN (0x4)
 *(.rodata)
 *(.rodata*)
 .rodata.AHBPrescTable
                0x0000000008001534       0x10 Drivers/CMSIS/system_stm32l0xx.o
                0x0000000008001534                AHBPrescTable
 .rodata.APBPrescTable
                0x0000000008001544        0x8 Drivers/CMSIS/system_stm32l0xx.o
                0x0000000008001544                APBPrescTable
 .rodata.PLLMulTable
                0x000000000800154c        0x9 Drivers/CMSIS/system_stm32l0xx.o
                0x000000000800154c                PLLMulTable
                0x0000000008001558                . = ALIGN (0x4)
 *fill*         0x0000000008001555        0x3 

.rel.dyn        0x0000000008001558        0x0
 .rel.iplt      0x0000000008001558        0x0 /opt/st/stm32cubeide_1.4.0/plugins/com.st.stm32cube.ide.mcu.externaltools.gnu-tools-for-stm32.7-2018-q2-update.linux64_1.4.0.202007081208/tools/bin/../lib/gcc/arm-none-eabi/7.3.1/thumb/v6-m/crtbegin.o

.ARM.extab      0x0000000008001558        0x0
                0x0000000008001558                . = ALIGN (0x4)
 *(.ARM.extab* .gnu.linkonce.armextab.*)
                0x0000000008001558                . = ALIGN (0x4)

.ARM            0x0000000008001558        0x0
                0x0000000008001558                . = ALIGN (0x4)
                0x0000000008001558                __exidx_start = .
 *(.ARM.exidx*)
                0x0000000008001558                __exidx_end = .
                0x0000000008001558                . = ALIGN (0x4)

.preinit_array  0x0000000008001558        0x0
                0x0000000008001558                . = ALIGN (0x4)
                0x0000000008001558                PROVIDE (__preinit_array_start = .)
 *(.preinit_array*)
                0x0000000008001558                PROVIDE (__preinit_array_end = .)
                0x0000000008001558                . = ALIGN (0x4)

.init_array     0x0000000008001558        0x4
                0x0000000008001558                . = ALIGN (0x4)
                0x0000000008001558                PROVIDE (__init_array_start = .)
 *(SORT_BY_NAME(.init_array.*))
 *(.init_array*)
 .init_array    0x0000000008001558        0x4 /opt/st/stm32cubeide_1.4.0/plugins/com.st.stm32cube.ide.mcu.externaltools.gnu-tools-for-stm32.7-2018-q2-update.linux64_1.4.0.202007081208/tools/bin/../lib/gcc/arm-none-eabi/7.3.1/thumb/v6-m/crtbegin.o
                0x000000000800155c                PROVIDE (__init_array_end = .)
                0x000000000800155c                . = ALIGN (0x4)

.fini_array     0x000000000800155c        0x4
                0x000000000800155c                . = ALIGN (0x4)
                [!provide]                        PROVIDE (__fini_array_start = .)
 *(SORT_BY_NAME(.fini_array.*))
 *(.fini_array*)
 .fini_array    0x000000000800155c        0x4 /opt/st/stm32cubeide_1.4.0/plugins/com.st.stm32cube.ide.mcu.externaltools.gnu-tools-for-stm32.7-2018-q2-update.linux64_1.4.0.202007081208/tools/bin/../lib/gcc/arm-none-eabi/7.3.1/thumb/v6-m/crtbegin.o
                [!provide]                        PROVIDE (__fini_array_end = .)
                0x0000000008001560                . = ALIGN (0x4)
                0x0000000008001560                _sidata = LOADADDR (.data)

.data           0x0000000020000000       0x24 load address 0x0000000008001560
                0x0000000020000000                . = ALIGN (0x4)
                0x0000000020000000                _sdata = .
 *(.data)
 *(.data*)
 .data.Heengaandetijd
                0x0000000020000000        0x4 Application/User/Core/main.o
                0x0000000020000000                Heengaandetijd
 .data.Teruggaandetijd
                0x0000000020000004        0x4 Application/User/Core/main.o
                0x0000000020000004                Teruggaandetijd
 .data.Wachttijdnaheengaan
                0x0000000020000008        0x4 Application/User/Core/main.o
                0x0000000020000008                Wachttijdnaheengaan
 .data.Wachttijdnaterugkomen
                0x000000002000000c        0x4 Application/User/Core/main.o
                0x000000002000000c                Wachttijdnaterugkomen
 .data.Period   0x0000000020000010        0x4 Application/User/Core/main.o
                0x0000000020000010                Period
 .data.DeadTime
                0x0000000020000014        0x4 Application/User/Core/main.o
                0x0000000020000014                DeadTime
 .data.SwitchoverTime1
                0x0000000020000018        0x4 Application/User/Core/main.o
                0x0000000020000018                SwitchoverTime1
 .data.SwitchoverTime2
                0x000000002000001c        0x4 Application/User/Core/main.o
                0x000000002000001c                SwitchoverTime2
 .data.SystemCoreClock
                0x0000000020000020        0x4 Drivers/CMSIS/system_stm32l0xx.o
                0x0000000020000020                SystemCoreClock
 *(.RamFunc)
 *(.RamFunc*)
                0x0000000020000024                . = ALIGN (0x4)
                0x0000000020000024                _edata = .

.igot.plt       0x0000000020000024        0x0 load address 0x0000000008001584
 .igot.plt      0x0000000020000024        0x0 /opt/st/stm32cubeide_1.4.0/plugins/com.st.stm32cube.ide.mcu.externaltools.gnu-tools-for-stm32.7-2018-q2-update.linux64_1.4.0.202007081208/tools/bin/../lib/gcc/arm-none-eabi/7.3.1/thumb/v6-m/crtbegin.o
                0x0000000020000024                . = ALIGN (0x4)

.bss            0x0000000020000024       0x20 load address 0x0000000008001584
                0x0000000020000024                _sbss = .
                0x0000000020000024                __bss_start__ = _sbss
 *(.bss)
 .bss           0x0000000020000024       0x1c /opt/st/stm32cubeide_1.4.0/plugins/com.st.stm32cube.ide.mcu.externaltools.gnu-tools-for-stm32.7-2018-q2-update.linux64_1.4.0.202007081208/tools/bin/../lib/gcc/arm-none-eabi/7.3.1/thumb/v6-m/crtbegin.o
 *(.bss*)
 .bss.error     0x0000000020000040        0x2 Application/User/Core/eeprom.o
 *(COMMON)
                0x0000000020000044                . = ALIGN (0x4)
 *fill*         0x0000000020000042        0x2 
                0x0000000020000044                _ebss = .
                0x0000000020000044                __bss_end__ = _ebss

._user_heap_stack
                0x0000000020000044      0x604 load address 0x0000000008001584
                0x0000000020000048                . = ALIGN (0x8)
 *fill*         0x0000000020000044        0x4 
                [!provide]                        PROVIDE (end = .)
                0x0000000020000048                PROVIDE (_end = .)
                0x0000000020000248                . = (. + _Min_Heap_Size)
 *fill*         0x0000000020000048      0x200 
                0x0000000020000648                . = (. + _Min_Stack_Size)
 *fill*         0x0000000020000248      0x400 
                0x0000000020000648                . = ALIGN (0x8)

/DISCARD/
 libc.a(*)
 libm.a(*)
 libgcc.a(*)

.ARM.attributes
                0x0000000000000000       0x28
 *(.ARM.attributes)
 .ARM.attributes
                0x0000000000000000       0x1e /opt/st/stm32cubeide_1.4.0/plugins/com.st.stm32cube.ide.mcu.externaltools.gnu-tools-for-stm32.7-2018-q2-update.linux64_1.4.0.202007081208/tools/bin/../lib/gcc/arm-none-eabi/7.3.1/thumb/v6-m/crti.o
 .ARM.attributes
                0x000000000000001e       0x2c /opt/st/stm32cubeide_1.4.0/plugins/com.st.stm32cube.ide.mcu.externaltools.gnu-tools-for-stm32.7-2018-q2-update.linux64_1.4.0.202007081208/tools/bin/../lib/gcc/arm-none-eabi/7.3.1/thumb/v6-m/crtbegin.o
 .ARM.attributes
                0x000000000000004a       0x32 Application/User/Core/eeprom.o
 .ARM.attributes
                0x000000000000007c       0x32 Application/User/Core/main.o
 .ARM.attributes
                0x00000000000000ae       0x32 Application/User/Core/stm32l0xx_it.o
 .ARM.attributes
                0x00000000000000e0       0x22 Application/User/Startup/startup_stm32l031k6tx.o
 .ARM.attributes
                0x0000000000000102       0x32 Drivers/CMSIS/system_stm32l0xx.o
 .ARM.attributes
                0x0000000000000134       0x32 Drivers/STM32L0xx_HAL_Driver/stm32l0xx_ll_gpio.o
 .ARM.attributes
                0x0000000000000166       0x32 Drivers/STM32L0xx_HAL_Driver/stm32l0xx_ll_rcc.o
 .ARM.attributes
                0x0000000000000198       0x32 Drivers/STM32L0xx_HAL_Driver/stm32l0xx_ll_usart.o
 .ARM.attributes
                0x00000000000001ca       0x32 Drivers/STM32L0xx_HAL_Driver/stm32l0xx_ll_utils.o
 .ARM.attributes
                0x00000000000001fc       0x2c /opt/st/stm32cubeide_1.4.0/plugins/com.st.stm32cube.ide.mcu.externaltools.gnu-tools-for-stm32.7-2018-q2-update.linux64_1.4.0.202007081208/tools/bin/../lib/gcc/arm-none-eabi/7.3.1/../../../../arm-none-eabi/lib/thumb/v6-m/libc_nano.a(lib_a-init.o)
 .ARM.attributes
                0x0000000000000228       0x2c /opt/st/stm32cubeide_1.4.0/plugins/com.st.stm32cube.ide.mcu.externaltools.gnu-tools-for-stm32.7-2018-q2-update.linux64_1.4.0.202007081208/tools/bin/../lib/gcc/arm-none-eabi/7.3.1/../../../../arm-none-eabi/lib/thumb/v6-m/libc_nano.a(lib_a-memset.o)
 .ARM.attributes
                0x0000000000000254       0x1e /opt/st/stm32cubeide_1.4.0/plugins/com.st.stm32cube.ide.mcu.externaltools.gnu-tools-for-stm32.7-2018-q2-update.linux64_1.4.0.202007081208/tools/bin/../lib/gcc/arm-none-eabi/7.3.1/thumb/v6-m/libgcc.a(_udivsi3.o)
 .ARM.attributes
                0x0000000000000272       0x1e /opt/st/stm32cubeide_1.4.0/plugins/com.st.stm32cube.ide.mcu.externaltools.gnu-tools-for-stm32.7-2018-q2-update.linux64_1.4.0.202007081208/tools/bin/../lib/gcc/arm-none-eabi/7.3.1/thumb/v6-m/libgcc.a(_dvmd_tls.o)
 .ARM.attributes
                0x0000000000000290       0x1e /opt/st/stm32cubeide_1.4.0/plugins/com.st.stm32cube.ide.mcu.externaltools.gnu-tools-for-stm32.7-2018-q2-update.linux64_1.4.0.202007081208/tools/bin/../lib/gcc/arm-none-eabi/7.3.1/thumb/v6-m/crtn.o
OUTPUT(OudeVolvo.elf elf32-littlearm)

.debug_info     0x0000000000000000     0x2c70
 .debug_info    0x0000000000000000      0x21f Application/User/Core/eeprom.o
 .debug_info    0x000000000000021f      0x9ee Application/User/Core/main.o
 .debug_info    0x0000000000000c0d      0x187 Application/User/Core/stm32l0xx_it.o
 .debug_info    0x0000000000000d94       0x22 Application/User/Startup/startup_stm32l031k6tx.o
 .debug_info    0x0000000000000db6      0x2d8 Drivers/CMSIS/system_stm32l0xx.o
 .debug_info    0x000000000000108e      0x5fc Drivers/STM32L0xx_HAL_Driver/stm32l0xx_ll_gpio.o
 .debug_info    0x000000000000168a      0x738 Drivers/STM32L0xx_HAL_Driver/stm32l0xx_ll_rcc.o
 .debug_info    0x0000000000001dc2      0x664 Drivers/STM32L0xx_HAL_Driver/stm32l0xx_ll_usart.o
 .debug_info    0x0000000000002426      0x84a Drivers/STM32L0xx_HAL_Driver/stm32l0xx_ll_utils.o

.debug_abbrev   0x0000000000000000      0xba8
 .debug_abbrev  0x0000000000000000       0xe6 Application/User/Core/eeprom.o
 .debug_abbrev  0x00000000000000e6      0x1ec Application/User/Core/main.o
 .debug_abbrev  0x00000000000002d2       0x8b Application/User/Core/stm32l0xx_it.o
 .debug_abbrev  0x000000000000035d       0x12 Application/User/Startup/startup_stm32l031k6tx.o
 .debug_abbrev  0x000000000000036f      0x100 Drivers/CMSIS/system_stm32l0xx.o
 .debug_abbrev  0x000000000000046f      0x191 Drivers/STM32L0xx_HAL_Driver/stm32l0xx_ll_gpio.o
 .debug_abbrev  0x0000000000000600      0x1d0 Drivers/STM32L0xx_HAL_Driver/stm32l0xx_ll_rcc.o
 .debug_abbrev  0x00000000000007d0      0x1b8 Drivers/STM32L0xx_HAL_Driver/stm32l0xx_ll_usart.o
 .debug_abbrev  0x0000000000000988      0x220 Drivers/STM32L0xx_HAL_Driver/stm32l0xx_ll_utils.o

.debug_aranges  0x0000000000000000      0x4c8
 .debug_aranges
                0x0000000000000000       0x38 Application/User/Core/eeprom.o
 .debug_aranges
                0x0000000000000038       0xf8 Application/User/Core/main.o
 .debug_aranges
                0x0000000000000130       0x40 Application/User/Core/stm32l0xx_it.o
 .debug_aranges
                0x0000000000000170       0x28 Application/User/Startup/startup_stm32l031k6tx.o
 .debug_aranges
                0x0000000000000198       0x28 Drivers/CMSIS/system_stm32l0xx.o
 .debug_aranges
                0x00000000000001c0       0x70 Drivers/STM32L0xx_HAL_Driver/stm32l0xx_ll_gpio.o
 .debug_aranges
                0x0000000000000230      0x130 Drivers/STM32L0xx_HAL_Driver/stm32l0xx_ll_rcc.o
 .debug_aranges
                0x0000000000000360       0x78 Drivers/STM32L0xx_HAL_Driver/stm32l0xx_ll_usart.o
 .debug_aranges
                0x00000000000003d8       0xf0 Drivers/STM32L0xx_HAL_Driver/stm32l0xx_ll_utils.o

.debug_ranges   0x0000000000000000      0x440
 .debug_ranges  0x0000000000000000       0x28 Application/User/Core/eeprom.o
 .debug_ranges  0x0000000000000028       0xe8 Application/User/Core/main.o
 .debug_ranges  0x0000000000000110       0x30 Application/User/Core/stm32l0xx_it.o
 .debug_ranges  0x0000000000000140       0x20 Application/User/Startup/startup_stm32l031k6tx.o
 .debug_ranges  0x0000000000000160       0x18 Drivers/CMSIS/system_stm32l0xx.o
 .debug_ranges  0x0000000000000178       0x60 Drivers/STM32L0xx_HAL_Driver/stm32l0xx_ll_gpio.o
 .debug_ranges  0x00000000000001d8      0x120 Drivers/STM32L0xx_HAL_Driver/stm32l0xx_ll_rcc.o
 .debug_ranges  0x00000000000002f8       0x68 Drivers/STM32L0xx_HAL_Driver/stm32l0xx_ll_usart.o
 .debug_ranges  0x0000000000000360       0xe0 Drivers/STM32L0xx_HAL_Driver/stm32l0xx_ll_utils.o

.debug_macro    0x0000000000000000     0xb336
 .debug_macro   0x0000000000000000      0x111 Application/User/Core/eeprom.o
 .debug_macro   0x0000000000000111      0xa8a Application/User/Core/eeprom.o
 .debug_macro   0x0000000000000b9b       0x2e Application/User/Core/eeprom.o
 .debug_macro   0x0000000000000bc9       0x28 Application/User/Core/eeprom.o
 .debug_macro   0x0000000000000bf1       0x22 Application/User/Core/eeprom.o
 .debug_macro   0x0000000000000c13       0x8e Application/User/Core/eeprom.o
 .debug_macro   0x0000000000000ca1       0x51 Application/User/Core/eeprom.o
 .debug_macro   0x0000000000000cf2       0xef Application/User/Core/eeprom.o
 .debug_macro   0x0000000000000de1       0x6a Application/User/Core/eeprom.o
 .debug_macro   0x0000000000000e4b      0x1df Application/User/Core/eeprom.o
 .debug_macro   0x000000000000102a       0x1c Application/User/Core/eeprom.o
 .debug_macro   0x0000000000001046       0x22 Application/User/Core/eeprom.o
 .debug_macro   0x0000000000001068       0xb5 Application/User/Core/eeprom.o
 .debug_macro   0x000000000000111d      0x3ad Application/User/Core/eeprom.o
 .debug_macro   0x00000000000014ca     0x7ef9 Application/User/Core/eeprom.o
 .debug_macro   0x00000000000093c3       0x3c Application/User/Core/eeprom.o
 .debug_macro   0x00000000000093ff       0x7c Application/User/Core/eeprom.o
 .debug_macro   0x000000000000947b      0x136 Application/User/Core/main.o
 .debug_macro   0x00000000000095b1      0x3b4 Application/User/Core/main.o
 .debug_macro   0x0000000000009965       0xb5 Application/User/Core/main.o
 .debug_macro   0x0000000000009a1a      0x14b Application/User/Core/main.o
 .debug_macro   0x0000000000009b65      0x109 Application/User/Core/main.o
 .debug_macro   0x0000000000009c6e       0x16 Application/User/Core/main.o
 .debug_macro   0x0000000000009c84       0x2a Application/User/Core/main.o
 .debug_macro   0x0000000000009cae       0xcf Application/User/Core/main.o
 .debug_macro   0x0000000000009d7d      0x303 Application/User/Core/main.o
 .debug_macro   0x000000000000a080      0x2f7 Application/User/Core/main.o
 .debug_macro   0x000000000000a377      0x12d Application/User/Core/main.o
 .debug_macro   0x000000000000a4a4       0x5e Application/User/Core/main.o
 .debug_macro   0x000000000000a502      0x140 Application/User/Core/stm32l0xx_it.o
 .debug_macro   0x000000000000a642       0xba Drivers/CMSIS/system_stm32l0xx.o
 .debug_macro   0x000000000000a6fc       0xfc Drivers/STM32L0xx_HAL_Driver/stm32l0xx_ll_gpio.o
 .debug_macro   0x000000000000a7f8      0x127 Drivers/STM32L0xx_HAL_Driver/stm32l0xx_ll_gpio.o
 .debug_macro   0x000000000000a91f       0xe7 Drivers/STM32L0xx_HAL_Driver/stm32l0xx_ll_rcc.o
 .debug_macro   0x000000000000aa06      0x3ae Drivers/STM32L0xx_HAL_Driver/stm32l0xx_ll_rcc.o
 .debug_macro   0x000000000000adb4      0x12f Drivers/STM32L0xx_HAL_Driver/stm32l0xx_ll_usart.o
 .debug_macro   0x000000000000aee3      0x2f1 Drivers/STM32L0xx_HAL_Driver/stm32l0xx_ll_usart.o
 .debug_macro   0x000000000000b1d4      0x162 Drivers/STM32L0xx_HAL_Driver/stm32l0xx_ll_utils.o

.debug_line     0x0000000000000000     0x3562
 .debug_line    0x0000000000000000      0x523 Application/User/Core/eeprom.o
 .debug_line    0x0000000000000523      0x924 Application/User/Core/main.o
 .debug_line    0x0000000000000e47      0x650 Application/User/Core/stm32l0xx_it.o
 .debug_line    0x0000000000001497       0x95 Application/User/Startup/startup_stm32l031k6tx.o
 .debug_line    0x000000000000152c      0x497 Drivers/CMSIS/system_stm32l0xx.o
 .debug_line    0x00000000000019c3      0x5c7 Drivers/STM32L0xx_HAL_Driver/stm32l0xx_ll_gpio.o
 .debug_line    0x0000000000001f8a      0x829 Drivers/STM32L0xx_HAL_Driver/stm32l0xx_ll_rcc.o
 .debug_line    0x00000000000027b3      0x609 Drivers/STM32L0xx_HAL_Driver/stm32l0xx_ll_usart.o
 .debug_line    0x0000000000002dbc      0x7a6 Drivers/STM32L0xx_HAL_Driver/stm32l0xx_ll_utils.o

.debug_str      0x0000000000000000    0x3a074
 .debug_str     0x0000000000000000    0x31a51 Application/User/Core/eeprom.o
                                      0x31c4d (size before relaxing)
 .debug_str     0x0000000000031a51     0x63f2 Application/User/Core/main.o
                                      0x37e60 (size before relaxing)
 .debug_str     0x0000000000037e43       0xa4 Application/User/Core/stm32l0xx_it.o
                                      0x37991 (size before relaxing)
 .debug_str     0x0000000000037ee7       0x42 Application/User/Startup/startup_stm32l031k6tx.o
                                         0x86 (size before relaxing)
 .debug_str     0x0000000000037f29       0x8f Drivers/CMSIS/system_stm32l0xx.o
                                      0x31918 (size before relaxing)
 .debug_str     0x0000000000037fb8      0x5b3 Drivers/STM32L0xx_HAL_Driver/stm32l0xx_ll_gpio.o
                                      0x32a92 (size before relaxing)
 .debug_str     0x000000000003856b      0x562 Drivers/STM32L0xx_HAL_Driver/stm32l0xx_ll_rcc.o
                                      0x3372d (size before relaxing)
 .debug_str     0x0000000000038acd      0x8a9 Drivers/STM32L0xx_HAL_Driver/stm32l0xx_ll_usart.o
                                      0x35022 (size before relaxing)
 .debug_str     0x0000000000039376      0xcfe Drivers/STM32L0xx_HAL_Driver/stm32l0xx_ll_utils.o
                                      0x34e5a (size before relaxing)

.comment        0x0000000000000000       0x7b
 .comment       0x0000000000000000       0x7b Application/User/Core/eeprom.o
                                         0x7c (size before relaxing)
 .comment       0x000000000000007b       0x7c Application/User/Core/main.o
 .comment       0x000000000000007b       0x7c Application/User/Core/stm32l0xx_it.o
 .comment       0x000000000000007b       0x7c Drivers/CMSIS/system_stm32l0xx.o
 .comment       0x000000000000007b       0x7c Drivers/STM32L0xx_HAL_Driver/stm32l0xx_ll_gpio.o
 .comment       0x000000000000007b       0x7c Drivers/STM32L0xx_HAL_Driver/stm32l0xx_ll_rcc.o
 .comment       0x000000000000007b       0x7c Drivers/STM32L0xx_HAL_Driver/stm32l0xx_ll_usart.o
 .comment       0x000000000000007b       0x7c Drivers/STM32L0xx_HAL_Driver/stm32l0xx_ll_utils.o

.debug_frame    0x0000000000000000      0xfb4
 .debug_frame   0x0000000000000000       0x84 Application/User/Core/eeprom.o
 .debug_frame   0x0000000000000084      0x36c Application/User/Core/main.o
 .debug_frame   0x00000000000003f0       0x9c Application/User/Core/stm32l0xx_it.o
 .debug_frame   0x000000000000048c       0x4c Drivers/CMSIS/system_stm32l0xx.o
 .debug_frame   0x00000000000004d8      0x170 Drivers/STM32L0xx_HAL_Driver/stm32l0xx_ll_gpio.o
 .debug_frame   0x0000000000000648      0x42c Drivers/STM32L0xx_HAL_Driver/stm32l0xx_ll_rcc.o
 .debug_frame   0x0000000000000a74      0x190 Drivers/STM32L0xx_HAL_Driver/stm32l0xx_ll_usart.o
 .debug_frame   0x0000000000000c04      0x344 Drivers/STM32L0xx_HAL_Driver/stm32l0xx_ll_utils.o
 .debug_frame   0x0000000000000f48       0x2c /opt/st/stm32cubeide_1.4.0/plugins/com.st.stm32cube.ide.mcu.externaltools.gnu-tools-for-stm32.7-2018-q2-update.linux64_1.4.0.202007081208/tools/bin/../lib/gcc/arm-none-eabi/7.3.1/../../../../arm-none-eabi/lib/thumb/v6-m/libc_nano.a(lib_a-init.o)
 .debug_frame   0x0000000000000f74       0x20 /opt/st/stm32cubeide_1.4.0/plugins/com.st.stm32cube.ide.mcu.externaltools.gnu-tools-for-stm32.7-2018-q2-update.linux64_1.4.0.202007081208/tools/bin/../lib/gcc/arm-none-eabi/7.3.1/../../../../arm-none-eabi/lib/thumb/v6-m/libc_nano.a(lib_a-memset.o)
 .debug_frame   0x0000000000000f94       0x20 /opt/st/stm32cubeide_1.4.0/plugins/com.st.stm32cube.ide.mcu.externaltools.gnu-tools-for-stm32.7-2018-q2-update.linux64_1.4.0.202007081208/tools/bin/../lib/gcc/arm-none-eabi/7.3.1/thumb/v6-m/libgcc.a(_udivsi3.o)
